Archive member included to satisfy reference by file (symbol)

C:/ST/STM32CubeIDE_2.1.1/STM32CubeIDE/plugins/com.st.stm32cube.ide.mcu.externaltools.gnu-tools-for-stm32.14.3.rel1.win32_1.0.100.202602081740/tools/bin/../lib/gcc/arm-none-eabi/14.3.1/../../../../arm-none-eabi/lib/thumb/v8-m.main+fp/hard\libc_nano.a(libc_a-exit.o)
                              C:/ST/STM32CubeIDE_2.1.1/STM32CubeIDE/plugins/com.st.stm32cube.ide.mcu.externaltools.gnu-tools-for-stm32.14.3.rel1.win32_1.0.100.202602081740/tools/bin/../lib/gcc/arm-none-eabi/14.3.1/../../../../arm-none-eabi/lib/thumb/v8-m.main+fp/hard/crt0.o (exit)
C:/ST/STM32CubeIDE_2.1.1/STM32CubeIDE/plugins/com.st.stm32cube.ide.mcu.externaltools.gnu-tools-for-stm32.14.3.rel1.win32_1.0.100.202602081740/tools/bin/../lib/gcc/arm-none-eabi/14.3.1/../../../../arm-none-eabi/lib/thumb/v8-m.main+fp/hard\libc_nano.a(libc_a-findfp.o)
                              C:/ST/STM32CubeIDE_2.1.1/STM32CubeIDE/plugins/com.st.stm32cube.ide.mcu.externaltools.gnu-tools-for-stm32.14.3.rel1.win32_1.0.100.202602081740/tools/bin/../lib/gcc/arm-none-eabi/14.3.1/../../../../arm-none-eabi/lib/thumb/v8-m.main+fp/hard\libc_nano.a(libc_a-exit.o) (__stdio_exit_handler)
C:/ST/STM32CubeIDE_2.1.1/STM32CubeIDE/plugins/com.st.stm32cube.ide.mcu.externaltools.gnu-tools-for-stm32.14.3.rel1.win32_1.0.100.202602081740/tools/bin/../lib/gcc/arm-none-eabi/14.3.1/../../../../arm-none-eabi/lib/thumb/v8-m.main+fp/hard\libc_nano.a(libc_a-fwalk.o)
                              C:/ST/STM32CubeIDE_2.1.1/STM32CubeIDE/plugins/com.st.stm32cube.ide.mcu.externaltools.gnu-tools-for-stm32.14.3.rel1.win32_1.0.100.202602081740/tools/bin/../lib/gcc/arm-none-eabi/14.3.1/../../../../arm-none-eabi/lib/thumb/v8-m.main+fp/hard\libc_nano.a(libc_a-findfp.o) (_fwalk_sglue)
C:/ST/STM32CubeIDE_2.1.1/STM32CubeIDE/plugins/com.st.stm32cube.ide.mcu.externaltools.gnu-tools-for-stm32.14.3.rel1.win32_1.0.100.202602081740/tools/bin/../lib/gcc/arm-none-eabi/14.3.1/../../../../arm-none-eabi/lib/thumb/v8-m.main+fp/hard\libc_nano.a(libc_a-stdio.o)
                              C:/ST/STM32CubeIDE_2.1.1/STM32CubeIDE/plugins/com.st.stm32cube.ide.mcu.externaltools.gnu-tools-for-stm32.14.3.rel1.win32_1.0.100.202602081740/tools/bin/../lib/gcc/arm-none-eabi/14.3.1/../../../../arm-none-eabi/lib/thumb/v8-m.main+fp/hard\libc_nano.a(libc_a-findfp.o) (__sread)
C:/ST/STM32CubeIDE_2.1.1/STM32CubeIDE/plugins/com.st.stm32cube.ide.mcu.externaltools.gnu-tools-for-stm32.14.3.rel1.win32_1.0.100.202602081740/tools/bin/../lib/gcc/arm-none-eabi/14.3.1/../../../../arm-none-eabi/lib/thumb/v8-m.main+fp/hard\libc_nano.a(libc_a-memset.o)
                              C:/ST/STM32CubeIDE_2.1.1/STM32CubeIDE/plugins/com.st.stm32cube.ide.mcu.externaltools.gnu-tools-for-stm32.14.3.rel1.win32_1.0.100.202602081740/tools/bin/../lib/gcc/arm-none-eabi/14.3.1/../../../../arm-none-eabi/lib/thumb/v8-m.main+fp/hard/crt0.o (memset)
C:/ST/STM32CubeIDE_2.1.1/STM32CubeIDE/plugins/com.st.stm32cube.ide.mcu.externaltools.gnu-tools-for-stm32.14.3.rel1.win32_1.0.100.202602081740/tools/bin/../lib/gcc/arm-none-eabi/14.3.1/../../../../arm-none-eabi/lib/thumb/v8-m.main+fp/hard\libc_nano.a(libc_a-closer.o)
                              C:/ST/STM32CubeIDE_2.1.1/STM32CubeIDE/plugins/com.st.stm32cube.ide.mcu.externaltools.gnu-tools-for-stm32.14.3.rel1.win32_1.0.100.202602081740/tools/bin/../lib/gcc/arm-none-eabi/14.3.1/../../../../arm-none-eabi/lib/thumb/v8-m.main+fp/hard\libc_nano.a(libc_a-stdio.o) (_close_r)
C:/ST/STM32CubeIDE_2.1.1/STM32CubeIDE/plugins/com.st.stm32cube.ide.mcu.externaltools.gnu-tools-for-stm32.14.3.rel1.win32_1.0.100.202602081740/tools/bin/../lib/gcc/arm-none-eabi/14.3.1/../../../../arm-none-eabi/lib/thumb/v8-m.main+fp/hard\libc_nano.a(libc_a-reent.o)
                              C:/ST/STM32CubeIDE_2.1.1/STM32CubeIDE/plugins/com.st.stm32cube.ide.mcu.externaltools.gnu-tools-for-stm32.14.3.rel1.win32_1.0.100.202602081740/tools/bin/../lib/gcc/arm-none-eabi/14.3.1/../../../../arm-none-eabi/lib/thumb/v8-m.main+fp/hard\libc_nano.a(libc_a-closer.o) (errno)
C:/ST/STM32CubeIDE_2.1.1/STM32CubeIDE/plugins/com.st.stm32cube.ide.mcu.externaltools.gnu-tools-for-stm32.14.3.rel1.win32_1.0.100.202602081740/tools/bin/../lib/gcc/arm-none-eabi/14.3.1/../../../../arm-none-eabi/lib/thumb/v8-m.main+fp/hard\libc_nano.a(libc_a-impure.o)
                              C:/ST/STM32CubeIDE_2.1.1/STM32CubeIDE/plugins/com.st.stm32cube.ide.mcu.externaltools.gnu-tools-for-stm32.14.3.rel1.win32_1.0.100.202602081740/tools/bin/../lib/gcc/arm-none-eabi/14.3.1/../../../../arm-none-eabi/lib/thumb/v8-m.main+fp/hard\libc_nano.a(libc_a-reent.o) (_impure_ptr)
C:/ST/STM32CubeIDE_2.1.1/STM32CubeIDE/plugins/com.st.stm32cube.ide.mcu.externaltools.gnu-tools-for-stm32.14.3.rel1.win32_1.0.100.202602081740/tools/bin/../lib/gcc/arm-none-eabi/14.3.1/../../../../arm-none-eabi/lib/thumb/v8-m.main+fp/hard\libc_nano.a(libc_a-lseekr.o)
[...]
Memory Configuration

Name             Origin             Length             Attributes
RAM              0x20000000         0x00044000         xrw
FLASH            0x08000000         0x00080000         xr
*default*        0x00000000         0xffffffff

Linker script and memory map

LOAD C:/ST/STM32CubeIDE_2.1.1/STM32CubeIDE/plugins/com.st.stm32cube.ide.mcu.externaltools.gnu-tools-for-stm32.14.3.rel1.win32_1.0.100.202602081740/tools/bin/../lib/gcc/arm-none-eabi/14.3.1/thumb/v8-m.main+fp/hard/crti.o
LOAD C:/ST/STM32CubeIDE_2.1.1/STM32CubeIDE/plugins/com.st.stm32cube.ide.mcu.externaltools.gnu-tools-for-stm32.14.3.rel1.win32_1.0.100.202602081740/tools/bin/../lib/gcc/arm-none-eabi/14.3.1/thumb/v8-m.main+fp/hard/crtbegin.o
LOAD C:/ST/STM32CubeIDE_2.1.1/STM32CubeIDE/plugins/com.st.stm32cube.ide.mcu.externaltools.gnu-tools-for-stm32.14.3.rel1.win32_1.0.100.202602081740/tools/bin/../lib/gcc/arm-none-eabi/14.3.1/../../../../arm-none-eabi/lib/thumb/v8-m.main+fp/hard/crt0.o
LOAD ./Core/Src/app_freertos.o
LOAD ./Core/Src/gpio.o
LOAD ./Core/Src/icache.o
LOAD ./Core/Src/main.o
LOAD ./Core/Src/stm32h5xx_hal_msp.o
LOAD ./Core/Src/stm32h5xx_hal_timebase_tim.o
LOAD ./Core/Src/stm32h5xx_it.o
LOAD ./Core/Src/syscalls.o
LOAD ./Core/Src/sysmem.o
LOAD ./Core/Src/system_stm32h5xx.o
LOAD ./Core/Startup/startup_stm32h533retx.o
LOAD ./Drivers/BSP/STM32H5xx_Nucleo/stm32h5xx_nucleo.o
LOAD ./Drivers/STM32H5xx_HAL_Driver/Src/stm32h5xx_hal.o
LOAD ./Drivers/STM32H5xx_HAL_Driver/Src/stm32h5xx_hal_cortex.o
LOAD ./Drivers/STM32H5xx_HAL_Driver/Src/stm32h5xx_hal_dma.o
LOAD ./Drivers/STM32H5xx_HAL_Driver/Src/stm32h5xx_hal_dma_ex.o
LOAD ./Drivers/STM32H5xx_HAL_Driver/Src/stm32h5xx_hal_exti.o
LOAD ./Drivers/STM32H5xx_HAL_Driver/Src/stm32h5xx_hal_flash.o
LOAD ./Drivers/STM32H5xx_HAL_Driver/Src/stm32h5xx_hal_flash_ex.o
LOAD ./Drivers/STM32H5xx_HAL_Driver/Src/stm32h5xx_hal_gpio.o
LOAD ./Drivers/STM32H5xx_HAL_Driver/Src/stm32h5xx_hal_icache.o
LOAD ./Drivers/STM32H5xx_HAL_Driver/Src/stm32h5xx_hal_pwr.o
LOAD ./Drivers/STM32H5xx_HAL_Driver/Src/stm32h5xx_hal_pwr_ex.o
LOAD ./Drivers/STM32H5xx_HAL_Driver/Src/stm32h5xx_hal_rcc.o
LOAD ./Drivers/STM32H5xx_HAL_Driver/Src/stm32h5xx_hal_rcc_ex.o
LOAD ./Drivers/STM32H5xx_HAL_Driver/Src/stm32h5xx_hal_tim.o
LOAD ./Drivers/STM32H5xx_HAL_Driver/Src/stm32h5xx_hal_tim_ex.o
LOAD ./Drivers/STM32H5xx_HAL_Driver/Src/stm32h5xx_hal_uart.o
LOAD ./Drivers/STM32H5xx_HAL_Driver/Src/stm32h5xx_hal_uart_ex.o
LOAD ./Drivers/STM32H5xx_HAL_Driver/Src/stm32h5xx_hal_usart.o
LOAD ./Drivers/STM32H5xx_HAL_Driver/Src/stm32h5xx_hal_usart_ex.o
LOAD ./Middlewares/Third_Party/FreeRTOS/Source/CMSIS_RTOS_V2/cmsis_os2.o
LOAD ./Middlewares/Third_Party/FreeRTOS/Source/croutine.o
LOAD ./Middlewares/Third_Party/FreeRTOS/Source/event_groups.o
LOAD ./Middlewares/Third_Party/FreeRTOS/Source/list.o
LOAD ./Middlewares/Third_Party/FreeRTOS/Source/queue.o
LOAD ./Middlewares/Third_Party/FreeRTOS/Source/stream_buffer.o
LOAD ./Middlewares/Third_Party/FreeRTOS/Source/tasks.o
LOAD ./Middlewares/Third_Party/FreeRTOS/Source/timers.o
LOAD ./Middlewares/Third_Party/FreeRTOS/Source/portable/GCC/ARM_CM33_NTZ/non_secure/port.o
LOAD ./Middlewares/Third_Party/FreeRTOS/Source/portable/GCC/ARM_CM33_NTZ/non_secure/portasm.o
LOAD ./Middlewares/Third_Party/FreeRTOS/Source/portable/MemMang/heap_1.o
START GROUP
LOAD C:/ST/STM32CubeIDE_2.1.1/STM32CubeIDE/plugins/com.st.stm32cube.ide.mcu.externaltools.gnu-tools-for-stm32.14.3.rel1.win32_1.0.100.202602081740/tools/bin/../lib/gcc/arm-none-eabi/14.3.1/../../../../arm-none-eabi/lib/thumb/v8-m.main+fp/hard\libc_nano.a
LOAD C:/ST/STM32CubeIDE_2.1.1/STM32CubeIDE/plugins/com.st.stm32cube.ide.mcu.externaltools.gnu-tools-for-stm32.14.3.rel1.win32_1.0.100.202602081740/tools/bin/../lib/gcc/arm-none-eabi/14.3.1/../../../../arm-none-eabi/lib/thumb/v8-m.main+fp/hard\libm.a
END GROUP
START GROUP
LOAD C:/ST/STM32CubeIDE_2.1.1/STM32CubeIDE/plugins/com.st.stm32cube.ide.mcu.externaltools.gnu-tools-for-stm32.14.3.rel1.win32_1.0.100.202602081740/tools/bin/../lib/gcc/arm-none-eabi/14.3.1/thumb/v8-m.main+fp/hard\libgcc.a
LOAD C:/ST/STM32CubeIDE_2.1.1/STM32CubeIDE/plugins/com.st.stm32cube.ide.mcu.externaltools.gnu-tools-for-stm32.14.3.rel1.win32_1.0.100.202602081740/tools/bin/../lib/gcc/arm-none-eabi/14.3.1/../../../../arm-none-eabi/lib/thumb/v8-m.main+fp/hard\libc_nano.a
END GROUP
START GROUP
LOAD C:/ST/STM32CubeIDE_2.1.1/STM32CubeIDE/plugins/com.st.stm32cube.ide.mcu.externaltools.gnu-tools-for-stm32.14.3.rel1.win32_1.0.100.202602081740/tools/bin/../lib/gcc/arm-none-eabi/14.3.1/thumb/v8-m.main+fp/hard\libgcc.a
LOAD C:/ST/STM32CubeIDE_2.1.1/STM32CubeIDE/plugins/com.st.stm32cube.ide.mcu.externaltools.gnu-tools-for-stm32.14.3.rel1.win32_1.0.100.202602081740/tools/bin/../lib/gcc/arm-none-eabi/14.3.1/../../../../arm-none-eabi/lib/thumb/v8-m.main+fp/hard\libc_nano.a
LOAD C:/ST/STM32CubeIDE_2.1.1/STM32CubeIDE/plugins/com.st.stm32cube.ide.mcu.externaltools.gnu-tools-for-stm32.14.3.rel1.win32_1.0.100.202602081740/tools/bin/../lib/gcc/arm-none-eabi/14.3.1/../../../../arm-none-eabi/lib/thumb/v8-m.main+fp/hard\libnosys.a
END GROUP
START GROUP
LOAD C:/ST/STM32CubeIDE_2.1.1/STM32CubeIDE/plugins/com.st.stm32cube.ide.mcu.externaltools.gnu-tools-for-stm32.14.3.rel1.win32_1.0.100.202602081740/tools/bin/../lib/gcc/arm-none-eabi/14.3.1/thumb/v8-m.main+fp/hard\libgcc.a
LOAD C:/ST/STM32CubeIDE_2.1.1/STM32CubeIDE/plugins/com.st.stm32cube.ide.mcu.externaltools.gnu-tools-for-stm32.14.3.rel1.win32_1.0.100.202602081740/tools/bin/../lib/gcc/arm-none-eabi/14.3.1/../../../../arm-none-eabi/lib/thumb/v8-m.main+fp/hard\libc_nano.a
LOAD C:/ST/STM32CubeIDE_2.1.1/STM32CubeIDE/plugins/com.st.stm32cube.ide.mcu.externaltools.gnu-tools-for-stm32.14.3.rel1.win32_1.0.100.202602081740/tools/bin/../lib/gcc/arm-none-eabi/14.3.1/../../../../arm-none-eabi/lib/thumb/v8-m.main+fp/hard\libnosys.a
END GROUP
LOAD C:/ST/STM32CubeIDE_2.1.1/STM32CubeIDE/plugins/com.st.stm32cube.ide.mcu.externaltools.gnu-tools-for-stm32.14.3.rel1.win32_1.0.100.202602081740/tools/bin/../lib/gcc/arm-none-eabi/14.3.1/thumb/v8-m.main+fp/hard/crtend.o
LOAD C:/ST/STM32CubeIDE_2.1.1/STM32CubeIDE/plugins/com.st.stm32cube.ide.mcu.externaltools.gnu-tools-for-stm32.14.3.rel1.win32_1.0.100.202602081740/tools/bin/../lib/gcc/arm-none-eabi/14.3.1/thumb/v8-m.main+fp/hard/crtn.o
                0x20044000                        _estack = (ORIGIN (RAM) + LENGTH (RAM))
                0x20043c00                        _sstack = (_estack - _Min_Stack_Size)
                0x00000200                        _Min_Heap_Size = 0x200
                0x00000400                        _Min_Stack_Size = 0x400

.isr_vector     0x08000000      0x254
                0x08000000                        . = ALIGN (0x4)
 *(.isr_vector)
 .isr_vector    0x08000000      0x254 ./Core/Startup/startup_stm32h533retx.o
                0x08000000                g_pfnVectors
                0x08000254                        . = ALIGN (0x4)

.text           0x08000254     0x776c
                0x08000254                        . = ALIGN (0x4)
 *(.text)
 .text          0x08000254       0x40 C:/ST/STM32CubeIDE_2.1.1/STM32CubeIDE/plugins/com.st.stm32cube.ide.mcu.externaltools.gnu-tools-for-stm32.14.3.rel1.win32_1.0.100.202602081740/tools/bin/../lib/gcc/arm-none-eabi/14.3.1/thumb/v8-m.main+fp/hard/crtbegin.o
 .text          0x08000294       0x30 C:/ST/STM32CubeIDE_2.1.1/STM32CubeIDE/plugins/com.st.stm32cube.ide.mcu.externaltools.gnu-tools-for-stm32.14.3.rel1.win32_1.0.100.202602081740/tools/bin/../lib/gcc/arm-none-eabi/14.3.1/thumb/v8-m.main+fp/hard\libgcc.a(_aeabi_uldivmod.o)
                0x08000294                __aeabi_uldivmod
 .text          0x080002c4      0x34c C:/ST/STM32CubeIDE_2.1.1/STM32CubeIDE/plugins/com.st.stm32cube.ide.mcu.externaltools.gnu-tools-for-stm32.14.3.rel1.win32_1.0.100.202602081740/tools/bin/../lib/gcc/arm-none-eabi/14.3.1/thumb/v8-m.main+fp/hard\libgcc.a(_udivmoddi4.o)
                0x080002c4                __udivmoddi4
 .text          0x08000610        0x4 C:/ST/STM32CubeIDE_2.1.1/STM32CubeIDE/plugins/com.st.stm32cube.ide.mcu.externaltools.gnu-tools-for-stm32.14.3.rel1.win32_1.0.100.202602081740/tools/bin/../lib/gcc/arm-none-eabi/14.3.1/thumb/v8-m.main+fp/hard\libgcc.a(_dvmd_tls.o)
                0x08000610                __aeabi_idiv0
                0x08000610                __aeabi_ldiv0
 *(.text*)
 .text.MX_GPIO_Init
                0x08000614       0x8c ./Core/Src/gpio.o
                0x08000614                MX_GPIO_Init
 .text.MX_ICACHE_Init
                0x080006a0       0x26 ./Core/Src/icache.o
                0x080006a0                MX_ICACHE_Init
 .text.appTask1
                0x080006c6       0x9c ./Core/Src/main.o
                0x080006c6                appTask1
 *fill*         0x08000762        0x2 
 .text.main     0x08000764       0xdc ./Core/Src/main.o
                0x08000764                main
 .text.SystemClock_Config
                0x08000840       0xc0 ./Core/Src/main.o
                0x08000840                SystemClock_Config
 .text.MPU_Config
                0x08000900       0x6c ./Core/Src/main.o
 .text.HAL_TIM_PeriodElapsedCallback
                0x0800096c       0x24 ./Core/Src/main.o
                0x0800096c                HAL_TIM_PeriodElapsedCallback
 .text.Error_Handler
                0x08000990        0xc ./Core/Src/main.o
                0x08000990                Error_Handler
 .text.HAL_MspInit
                0x0800099c       0x14 ./Core/Src/stm32h5xx_hal_msp.o
                0x0800099c                HAL_MspInit
 .text.HAL_InitTick
                0x080009b0       0xec ./Core/Src/stm32h5xx_hal_timebase_tim.o
                0x080009b0                HAL_InitTick
 .text.NMI_Handler
                0x08000a9c        0x8 ./Core/Src/stm32h5xx_it.o
                0x08000a9c                NMI_Handler
 .text.HardFault_Handler
                0x08000aa4        0x8 ./Core/Src/stm32h5xx_it.o
                0x08000aa4                HardFault_Handler
 .text.MemManage_Handler
                0x08000aac        0x8 ./Core/Src/stm32h5xx_it.o
                0x08000aac                MemManage_Handler
 .text.BusFault_Handler
                0x08000ab4        0x8 ./Core/Src/stm32h5xx_it.o
                0x08000ab4                BusFault_Handler
 .text.UsageFault_Handler
                0x08000abc        0x8 ./Core/Src/stm32h5xx_it.o
                0x08000abc                UsageFault_Handler
 .text.DebugMon_Handler
                0x08000ac4        0xe ./Core/Src/stm32h5xx_it.o
                0x08000ac4                DebugMon_Handler
 .text.EXTI13_IRQHandler
                0x08000ad2        0xe ./Core/Src/stm32h5xx_it.o
                0x08000ad2                EXTI13_IRQHandler
 .text.TIM6_IRQHandler
                0x08000ae0       0x14 ./Core/Src/stm32h5xx_it.o
                0x08000ae0                TIM6_IRQHandler
 .text.SystemInit
                0x08000af4      0x100 ./Core/Src/system_stm32h5xx.o
                0x08000af4                SystemInit
 .text.Reset_Handler
                0x08000bf4       0x5c ./Core/Startup/startup_stm32h533retx.o
                0x08000bf4                Reset_Handler
 .text.Default_Handler
                0x08000c50        0x2 ./Core/Startup/startup_stm32h533retx.o
                0x08000c50                EXTI2_IRQHandler
                0x08000c50                TIM8_TRG_COM_IRQHandler
                0x08000c50                TIM8_CC_IRQHandler
                0x08000c50                EXTI5_IRQHandler
                0x08000c50                I3C1_ER_IRQHandler
                0x08000c50                SPI4_IRQHandler
                0x08000c50                GPDMA2_Channel1_IRQHandler
                0x08000c50                FLASH_S_IRQHandler
                0x08000c50                TIM1_CC_IRQHandler
                0x08000c50                GPDMA2_Channel3_IRQHandler
                0x08000c50                TAMP_IRQHandler
                0x08000c50                EXTI12_IRQHandler
                0x08000c50                USB_DRD_FS_IRQHandler
                0x08000c50                EXTI3_IRQHandler
                0x08000c50                GPDMA1_Channel5_IRQHandler
                0x08000c50                EXTI8_IRQHandler
                0x08000c50                GPDMA2_Channel5_IRQHandler
                0x08000c50                LPTIM2_IRQHandler
                0x08000c50                I2C3_ER_IRQHandler
                0x08000c50                GPDMA2_Channel2_IRQHandler
                0x08000c50                EXTI0_IRQHandler
                0x08000c50                I2C2_EV_IRQHandler
                0x08000c50                FPU_IRQHandler
                0x08000c50                GPDMA1_Channel3_IRQHandler
                0x08000c50                GPDMA1_Channel7_IRQHandler
                0x08000c50                FDCAN1_IT1_IRQHandler
                0x08000c50                RAMCFG_IRQHandler
                0x08000c50                DCACHE1_IRQHandler
                0x08000c50                SPI1_IRQHandler
                0x08000c50                OCTOSPI1_IRQHandler
                0x08000c50                GPDMA1_Channel2_IRQHandler
                0x08000c50                TIM8_UP_IRQHandler
                0x08000c50                RCC_S_IRQHandler
                0x08000c50                ADC1_IRQHandler
                0x08000c50                PKA_IRQHandler
                0x08000c50                USART6_IRQHandler
                0x08000c50                I3C2_ER_IRQHandler
                0x08000c50                EXTI15_IRQHandler
                0x08000c50                USART3_IRQHandler
                0x08000c50                RTC_IRQHandler
                0x08000c50                EXTI9_IRQHandler
                0x08000c50                UART5_IRQHandler
                0x08000c50                TIM4_IRQHandler
                0x08000c50                I3C2_EV_IRQHandler
                0x08000c50                I2C1_EV_IRQHandler
                0x08000c50                GPDMA1_Channel1_IRQHandler
                0x08000c50                UART4_IRQHandler
                0x08000c50                SecureFault_Handler
                0x08000c50                TIM3_IRQHandler
                0x08000c50                RCC_IRQHandler
                0x08000c50                TIM1_TRG_COM_IRQHandler
                0x08000c50                Default_Handler
                0x08000c50                CEC_IRQHandler
                0x08000c50                OTFDEC1_IRQHandler
                0x08000c50                GPDMA2_Channel4_IRQHandler
                0x08000c50                TIM12_IRQHandler
                0x08000c50                TIM7_IRQHandler
                0x08000c50                SDMMC1_IRQHandler
                0x08000c50                SAES_IRQHandler
                0x08000c50                TIM5_IRQHandler
                0x08000c50                UCPD1_IRQHandler
                0x08000c50                GPDMA1_Channel0_IRQHandler
                0x08000c50                I3C1_EV_IRQHandler
                0x08000c50                TIM15_IRQHandler
                0x08000c50                PVD_AVD_IRQHandler
                0x08000c50                I2C3_EV_IRQHandler
                0x08000c50                ADC2_IRQHandler
                0x08000c50                SPI2_IRQHandler
                0x08000c50                EXTI14_IRQHandler
                0x08000c50                EXTI11_IRQHandler
                0x08000c50                CRS_IRQHandler
                0x08000c50                EXTI4_IRQHandler
                0x08000c50                GPDMA2_Channel0_IRQHandler
                0x08000c50                RTC_S_IRQHandler
                0x08000c50                RNG_IRQHandler
                0x08000c50                FDCAN2_IT1_IRQHandler
                0x08000c50                GPDMA2_Channel6_IRQHandler
                0x08000c50                TIM1_UP_IRQHandler
                0x08000c50                WWDG_IRQHandler
                0x08000c50                FDCAN2_IT0_IRQHandler
                0x08000c50                IWDG_IRQHandler
                0x08000c50                LPUART1_IRQHandler
                0x08000c50                FDCAN1_IT0_IRQHandler
                0x08000c50                TIM2_IRQHandler
                0x08000c50                GPDMA1_Channel4_IRQHandler
                0x08000c50                EXTI7_IRQHandler
                0x08000c50                TIM1_BRK_IRQHandler
                0x08000c50                EXTI1_IRQHandler
                0x08000c50                AES_IRQHandler
                0x08000c50                DAC1_IRQHandler
                0x08000c50                DTS_IRQHandler
                0x08000c50                GTZC_IRQHandler
                0x08000c50                USART2_IRQHandler
                0x08000c50                GPDMA1_Channel6_IRQHandler
                0x08000c50                GPDMA2_Channel7_IRQHandler
                0x08000c50                I2C2_ER_IRQHandler
                0x08000c50                TIM8_BRK_IRQHandler
                0x08000c50                FLASH_IRQHandler
                0x08000c50                USART1_IRQHandler
                0x08000c50                EXTI10_IRQHandler
                0x08000c50                SPI3_IRQHandler
                0x08000c50                I2C1_ER_IRQHandler
                0x08000c50                FMC_IRQHandler
                0x08000c50                EXTI6_IRQHandler
                0x08000c50                LPTIM1_IRQHandler
                0x08000c50                DCMI_PSSI_IRQHandler
                0x08000c50                ICACHE_IRQHandler
                0x08000c50                HASH_IRQHandler
 *fill*         0x08000c52        0x2 
 .text.BSP_LED_Init
                0x08000c54       0x88 ./Drivers/BSP/STM32H5xx_Nucleo/stm32h5xx_nucleo.o
                0x08000c54                BSP_LED_Init
 .text.BSP_PB_Init
                0x08000cdc       0xf0 ./Drivers/BSP/STM32H5xx_Nucleo/stm32h5xx_nucleo.o
                0x08000cdc                BSP_PB_Init
 .text.BSP_PB_IRQHandler
                0x08000dcc       0x2c ./Drivers/BSP/STM32H5xx_Nucleo/stm32h5xx_nucleo.o
                0x08000dcc                BSP_PB_IRQHandler
 .text.BSP_PB_Callback
                0x08000df8       0x16 ./Drivers/BSP/STM32H5xx_Nucleo/stm32h5xx_nucleo.o
                0x08000df8                BSP_PB_Callback
 *fill*         0x08000e0e        0x2 
 .text.BSP_COM_Init
                0x08000e10       0x60 ./Drivers/BSP/STM32H5xx_Nucleo/stm32h5xx_nucleo.o
                0x08000e10                BSP_COM_Init
 .text.MX_USART_Init
                0x08000e70       0x68 ./Drivers/BSP/STM32H5xx_Nucleo/stm32h5xx_nucleo.o
                0x08000e70                MX_USART_Init
 .text.BUTTON_USER_EXTI_Callback
                0x08000ed8        0xe ./Drivers/BSP/STM32H5xx_Nucleo/stm32h5xx_nucleo.o
 *fill*         0x08000ee6        0x2 
 .text.COM1_MspInit
                0x08000ee8       0xac ./Drivers/BSP/STM32H5xx_Nucleo/stm32h5xx_nucleo.o
 .text.HAL_Init
                0x08000f94       0x50 ./Drivers/STM32H5xx_HAL_Driver/Src/stm32h5xx_hal.o
                0x08000f94                HAL_Init
 .text.HAL_IncTick
                0x08000fe4       0x28 ./Drivers/STM32H5xx_HAL_Driver/Src/stm32h5xx_hal.o
                0x08000fe4                HAL_IncTick
 .text.HAL_GetTick
                0x0800100c       0x18 ./Drivers/STM32H5xx_HAL_Driver/Src/stm32h5xx_hal.o
                0x0800100c                HAL_GetTick
 .text.__NVIC_SetPriorityGrouping
                0x08001024       0x48 ./Drivers/STM32H5xx_HAL_Driver/Src/stm32h5xx_hal_cortex.o
 .text.__NVIC_GetPriorityGrouping
                0x0800106c       0x1c ./Drivers/STM32H5xx_HAL_Driver/Src/stm32h5xx_hal_cortex.o
 .text.__NVIC_EnableIRQ
                0x08001088       0x3c ./Drivers/STM32H5xx_HAL_Driver/Src/stm32h5xx_hal_cortex.o
 .text.__NVIC_SetPriority
                0x080010c4       0x54 ./Drivers/STM32H5xx_HAL_Driver/Src/stm32h5xx_hal_cortex.o
 .text.NVIC_EncodePriority
                0x08001118       0x66 ./Drivers/STM32H5xx_HAL_Driver/Src/stm32h5xx_hal_cortex.o
 .text.HAL_NVIC_SetPriorityGrouping
                0x0800117e       0x16 ./Drivers/STM32H5xx_HAL_Driver/Src/stm32h5xx_hal_cortex.o
                0x0800117e                HAL_NVIC_SetPriorityGrouping
 .text.HAL_NVIC_SetPriority
                0x08001194       0x34 ./Drivers/STM32H5xx_HAL_Driver/Src/stm32h5xx_hal_cortex.o
                0x08001194                HAL_NVIC_SetPriority
 .text.HAL_NVIC_EnableIRQ
                0x080011c8       0x1c ./Drivers/STM32H5xx_HAL_Driver/Src/stm32h5xx_hal_cortex.o
                0x080011c8                HAL_NVIC_EnableIRQ
 .text.HAL_SYSTICK_CLKSourceConfig
                0x080011e4       0xb0 ./Drivers/STM32H5xx_HAL_Driver/Src/stm32h5xx_hal_cortex.o
                0x080011e4                HAL_SYSTICK_CLKSourceConfig
 .text.HAL_MPU_Enable
                0x08001294       0x44 ./Drivers/STM32H5xx_HAL_Driver/Src/stm32h5xx_hal_cortex.o
                0x08001294                HAL_MPU_Enable
 .text.HAL_MPU_Disable
                0x080012d8       0x40 ./Drivers/STM32H5xx_HAL_Driver/Src/stm32h5xx_hal_cortex.o
                0x080012d8                HAL_MPU_Disable
 .text.HAL_MPU_ConfigRegion
                0x08001318       0x1c ./Drivers/STM32H5xx_HAL_Driver/Src/stm32h5xx_hal_cortex.o
                0x08001318                HAL_MPU_ConfigRegion
 .text.HAL_MPU_ConfigMemoryAttributes
                0x08001334       0x1c ./Drivers/STM32H5xx_HAL_Driver/Src/stm32h5xx_hal_cortex.o
                0x08001334                HAL_MPU_ConfigMemoryAttributes
 .text.MPU_ConfigRegion
                0x08001350       0x6e ./Drivers/STM32H5xx_HAL_Driver/Src/stm32h5xx_hal_cortex.o
 .text.MPU_ConfigMemoryAttributes
                0x080013be       0x6c ./Drivers/STM32H5xx_HAL_Driver/Src/stm32h5xx_hal_cortex.o
 .text.HAL_EXTI_RegisterCallback
                0x0800142a       0x58 ./Drivers/STM32H5xx_HAL_Driver/Src/stm32h5xx_hal_exti.o
                0x0800142a                HAL_EXTI_RegisterCallback
 .text.HAL_EXTI_GetHandle
                0x08001482       0x28 ./Drivers/STM32H5xx_HAL_Driver/Src/stm32h5xx_hal_exti.o
                0x08001482                HAL_EXTI_GetHandle
 *fill*         0x080014aa        0x2 
 .text.HAL_EXTI_IRQHandler
                0x080014ac       0x90 ./Drivers/STM32H5xx_HAL_Driver/Src/stm32h5xx_hal_exti.o
                0x080014ac                HAL_EXTI_IRQHandler
 .text.HAL_GPIO_Init
                0x0800153c      0x2bc ./Drivers/STM32H5xx_HAL_Driver/Src/stm32h5xx_hal_gpio.o
                0x0800153c                HAL_GPIO_Init
 .text.HAL_GPIO_WritePin
                0x080017f8       0x30 ./Drivers/STM32H5xx_HAL_Driver/Src/stm32h5xx_hal_gpio.o
                0x080017f8                HAL_GPIO_WritePin
 .text.HAL_GPIO_TogglePin
                0x08001828       0x34 ./Drivers/STM32H5xx_HAL_Driver/Src/stm32h5xx_hal_gpio.o
                0x08001828                HAL_GPIO_TogglePin
 .text.HAL_ICACHE_ConfigAssociativityMode
                0x0800185c       0x40 ./Drivers/STM32H5xx_HAL_Driver/Src/stm32h5xx_hal_icache.o
                0x0800185c                HAL_ICACHE_ConfigAssociativityMode
 .text.HAL_ICACHE_Enable
                0x0800189c       0x20 ./Drivers/STM32H5xx_HAL_Driver/Src/stm32h5xx_hal_icache.o
                0x0800189c                HAL_ICACHE_Enable
 .text.HAL_RCC_OscConfig
                0x080018bc      0x870 ./Drivers/STM32H5xx_HAL_Driver/Src/stm32h5xx_hal_rcc.o
                0x080018bc                HAL_RCC_OscConfig
 .text.HAL_RCC_ClockConfig
                0x0800212c      0x370 ./Drivers/STM32H5xx_HAL_Driver/Src/stm32h5xx_hal_rcc.o
                0x0800212c                HAL_RCC_ClockConfig
 .text.HAL_RCC_GetSysClockFreq
                0x0800249c      0x258 ./Drivers/STM32H5xx_HAL_Driver/Src/stm32h5xx_hal_rcc.o
                0x0800249c                HAL_RCC_GetSysClockFreq
 .text.HAL_RCC_GetHCLKFreq
                0x080026f4       0x38 ./Drivers/STM32H5xx_HAL_Driver/Src/stm32h5xx_hal_rcc.o
                0x080026f4                HAL_RCC_GetHCLKFreq
 .text.HAL_RCC_GetPCLK1Freq
                0x0800272c       0x2c ./Drivers/STM32H5xx_HAL_Driver/Src/stm32h5xx_hal_rcc.o
                0x0800272c                HAL_RCC_GetPCLK1Freq
 .text.HAL_RCC_GetPCLK2Freq
                0x08002758       0x2c ./Drivers/STM32H5xx_HAL_Driver/Src/stm32h5xx_hal_rcc.o
                0x08002758                HAL_RCC_GetPCLK2Freq
 .text.HAL_RCC_GetPCLK3Freq
                0x08002784       0x2c ./Drivers/STM32H5xx_HAL_Driver/Src/stm32h5xx_hal_rcc.o
                0x08002784                HAL_RCC_GetPCLK3Freq
 .text.HAL_RCC_GetClockConfig
                0x080027b0       0x70 ./Drivers/STM32H5xx_HAL_Driver/Src/stm32h5xx_hal_rcc.o
                0x080027b0                HAL_RCC_GetClockConfig
 .text.HAL_RCCEx_GetPLL1ClockFreq
                0x08002820      0x2d8 ./Drivers/STM32H5xx_HAL_Driver/Src/stm32h5xx_hal_rcc_ex.o
                0x08002820                HAL_RCCEx_GetPLL1ClockFreq
 .text.HAL_RCCEx_GetPLL2ClockFreq
                0x08002af8      0x2d8 ./Drivers/STM32H5xx_HAL_Driver/Src/stm32h5xx_hal_rcc_ex.o
                0x08002af8                HAL_RCCEx_GetPLL2ClockFreq
 .text.HAL_RCCEx_GetPLL3ClockFreq
                0x08002dd0      0x2d8 ./Drivers/STM32H5xx_HAL_Driver/Src/stm32h5xx_hal_rcc_ex.o
                0x08002dd0                HAL_RCCEx_GetPLL3ClockFreq
 .text.HAL_RCCEx_GetPeriphCLKFreq
                0x080030a8     0x16ac ./Drivers/STM32H5xx_HAL_Driver/Src/stm32h5xx_hal_rcc_ex.o
                0x080030a8                HAL_RCCEx_GetPeriphCLKFreq
 .text.HAL_TIM_Base_Init
                0x08004754       0xae ./Drivers/STM32H5xx_HAL_Driver/Src/stm32h5xx_hal_tim.o
                0x08004754                HAL_TIM_Base_Init
 .text.HAL_TIM_Base_MspInit
                0x08004802       0x14 ./Drivers/STM32H5xx_HAL_Driver/Src/stm32h5xx_hal_tim.o
                0x08004802                HAL_TIM_Base_MspInit
 *fill*         0x08004816        0x2 
 .text.HAL_TIM_Base_Start_IT
                0x08004818      0x15c ./Drivers/STM32H5xx_HAL_Driver/Src/stm32h5xx_hal_tim.o
                0x08004818                HAL_TIM_Base_Start_IT
 .text.HAL_TIM_IRQHandler
                0x08004974      0x29e ./Drivers/STM32H5xx_HAL_Driver/Src/stm32h5xx_hal_tim.o
                0x08004974                HAL_TIM_IRQHandler
 .text.HAL_TIM_OC_DelayElapsedCallback
                0x08004c12       0x14 ./Drivers/STM32H5xx_HAL_Driver/Src/stm32h5xx_hal_tim.o
                0x08004c12                HAL_TIM_OC_DelayElapsedCallback
 .text.HAL_TIM_IC_CaptureCallback
                0x08004c26       0x14 ./Drivers/STM32H5xx_HAL_Driver/Src/stm32h5xx_hal_tim.o
                0x08004c26                HAL_TIM_IC_CaptureCallback
 .text.HAL_TIM_PWM_PulseFinishedCallback
                0x08004c3a       0x14 ./Drivers/STM32H5xx_HAL_Driver/Src/stm32h5xx_hal_tim.o
                0x08004c3a                HAL_TIM_PWM_PulseFinishedCallback
 .text.HAL_TIM_TriggerCallback
                0x08004c4e       0x14 ./Drivers/STM32H5xx_HAL_Driver/Src/stm32h5xx_hal_tim.o
                0x08004c4e                HAL_TIM_TriggerCallback
 *fill*         0x08004c62        0x2 
 .text.TIM_Base_SetConfig
                0x08004c64      0x1cc ./Drivers/STM32H5xx_HAL_Driver/Src/stm32h5xx_hal_tim.o
                0x08004c64                TIM_Base_SetConfig
 .text.HAL_TIMEx_CommutCallback
                0x08004e30       0x14 ./Drivers/STM32H5xx_HAL_Driver/Src/stm32h5xx_hal_tim_ex.o
                0x08004e30                HAL_TIMEx_CommutCallback
 .text.HAL_TIMEx_BreakCallback
                0x08004e44       0x14 ./Drivers/STM32H5xx_HAL_Driver/Src/stm32h5xx_hal_tim_ex.o
                0x08004e44                HAL_TIMEx_BreakCallback
 .text.HAL_TIMEx_Break2Callback
                0x08004e58       0x14 ./Drivers/STM32H5xx_HAL_Driver/Src/stm32h5xx_hal_tim_ex.o
                0x08004e58                HAL_TIMEx_Break2Callback
 .text.HAL_TIMEx_EncoderIndexCallback
                0x08004e6c       0x14 ./Drivers/STM32H5xx_HAL_Driver/Src/stm32h5xx_hal_tim_ex.o
                0x08004e6c                HAL_TIMEx_EncoderIndexCallback
 .text.HAL_TIMEx_DirectionChangeCallback
                0x08004e80       0x14 ./Drivers/STM32H5xx_HAL_Driver/Src/stm32h5xx_hal_tim_ex.o
                0x08004e80                HAL_TIMEx_DirectionChangeCallback
 .text.HAL_TIMEx_IndexErrorCallback
                0x08004e94       0x14 ./Drivers/STM32H5xx_HAL_Driver/Src/stm32h5xx_hal_tim_ex.o
                0x08004e94                HAL_TIMEx_IndexErrorCallback
 .text.HAL_TIMEx_TransitionErrorCallback
                0x08004ea8       0x14 ./Drivers/STM32H5xx_HAL_Driver/Src/stm32h5xx_hal_tim_ex.o
                0x08004ea8                HAL_TIMEx_TransitionErrorCallback
 .text.HAL_UART_Init
                0x08004ebc       0xa0 ./Drivers/STM32H5xx_HAL_Driver/Src/stm32h5xx_hal_uart.o
                0x08004ebc                HAL_UART_Init
 .text.HAL_UART_MspInit
                0x08004f5c       0x14 ./Drivers/STM32H5xx_HAL_Driver/Src/stm32h5xx_hal_uart.o
                0x08004f5c                HAL_UART_MspInit
 .text.UART_SetConfig
                0x08004f70      0x35c ./Drivers/STM32H5xx_HAL_Driver/Src/stm32h5xx_hal_uart.o
                0x08004f70                UART_SetConfig
 .text.UART_AdvFeatureConfig
                0x080052cc      0x144 ./Drivers/STM32H5xx_HAL_Driver/Src/stm32h5xx_hal_uart.o
                0x080052cc                UART_AdvFeatureConfig
 .text.UART_CheckIdleState
                0x08005410      0x154 ./Drivers/STM32H5xx_HAL_Driver/Src/stm32h5xx_hal_uart.o
                0x08005410                UART_CheckIdleState
 .text.UART_WaitOnFlagUntilTimeout
                0x08005564       0xda ./Drivers/STM32H5xx_HAL_Driver/Src/stm32h5xx_hal_uart.o
                0x08005564                UART_WaitOnFlagUntilTimeout
 .text.UART_EndRxTransfer
                0x0800563e       0xcc ./Drivers/STM32H5xx_HAL_Driver/Src/stm32h5xx_hal_uart.o
 *fill*         0x0800570a        0x2 
 .text.SysTick_Handler
                0x0800570c       0x20 ./Middlewares/Third_Party/FreeRTOS/Source/CMSIS_RTOS_V2/cmsis_os2.o
                0x0800570c                SysTick_Handler
 .text.vListInitialise
                0x0800572c       0x40 ./Middlewares/Third_Party/FreeRTOS/Source/list.o
                0x0800572c                vListInitialise
 .text.vListInitialiseItem
                0x0800576c       0x1a ./Middlewares/Third_Party/FreeRTOS/Source/list.o
                0x0800576c                vListInitialiseItem
 .text.vListInsert
                0x08005786       0x72 ./Middlewares/Third_Party/FreeRTOS/Source/list.o
                0x08005786                vListInsert
 .text.uxListRemove
                0x080057f8       0x54 ./Middlewares/Third_Party/FreeRTOS/Source/list.o
                0x080057f8                uxListRemove
 .text.xQueueGenericReset
                0x0800584c       0xf2 ./Middlewares/Third_Party/FreeRTOS/Source/queue.o
                0x0800584c                xQueueGenericReset
 .text.xQueueGenericCreateStatic
                0x0800593e       0x92 ./Middlewares/Third_Party/FreeRTOS/Source/queue.o
                0x0800593e                xQueueGenericCreateStatic
 .text.prvInitialiseNewQueue
                0x080059d0       0x46 ./Middlewares/Third_Party/FreeRTOS/Source/queue.o
 .text.xQueueReceive
                0x08005a16      0x178 ./Middlewares/Third_Party/FreeRTOS/Source/queue.o
                0x08005a16                xQueueReceive
 .text.prvCopyDataFromQueue
                0x08005b8e       0x4c ./Middlewares/Third_Party/FreeRTOS/Source/queue.o
 .text.prvUnlockQueue
                0x08005bda       0xa4 ./Middlewares/Third_Party/FreeRTOS/Source/queue.o
 .text.prvIsQueueEmpty
                0x08005c7e       0x2c ./Middlewares/Third_Party/FreeRTOS/Source/queue.o
 *fill*         0x08005caa        0x2 
 .text.vQueueAddToRegistry
                0x08005cac       0x8c ./Middlewares/Third_Party/FreeRTOS/Source/queue.o
                0x08005cac                vQueueAddToRegistry
 .text.vQueueWaitForMessageRestricted
                0x08005d38       0x68 ./Middlewares/Third_Party/FreeRTOS/Source/queue.o
                0x08005d38                vQueueWaitForMessageRestricted
 .text.prvCreateStaticTask
                0x08005da0       0x92 ./Middlewares/Third_Party/FreeRTOS/Source/tasks.o
 .text.xTaskCreateStatic
                0x08005e32       0x48 ./Middlewares/Third_Party/FreeRTOS/Source/tasks.o
                0x08005e32                xTaskCreateStatic
 .text.prvCreateTask
                0x08005e7a       0x80 ./Middlewares/Third_Party/FreeRTOS/Source/tasks.o
 .text.xTaskCreate
                0x08005efa       0x46 ./Middlewares/Third_Party/FreeRTOS/Source/tasks.o
                0x08005efa                xTaskCreate
 .text.prvInitialiseNewTask
                0x08005f40      0x104 ./Middlewares/Third_Party/FreeRTOS/Source/tasks.o
 .text.prvAddNewTaskToReadyList
                0x08006044      0x124 ./Middlewares/Third_Party/FreeRTOS/Source/tasks.o
 .text.vTaskDelay
                0x08006168       0x4c ./Middlewares/Third_Party/FreeRTOS/Source/tasks.o
                0x08006168                vTaskDelay
 .text.prvCreateIdleTasks
                0x080061b4       0xec ./Middlewares/Third_Party/FreeRTOS/Source/tasks.o
 .text.vTaskStartScheduler
                0x080062a0       0x68 ./Middlewares/Third_Party/FreeRTOS/Source/tasks.o
                0x080062a0                vTaskStartScheduler
 .text.vTaskSuspendAll
                0x08006308       0x1c ./Middlewares/Third_Party/FreeRTOS/Source/tasks.o
                0x08006308                vTaskSuspendAll
 .text.xTaskResumeAll
                0x08006324      0x1f4 ./Middlewares/Third_Party/FreeRTOS/Source/tasks.o
                0x08006324                xTaskResumeAll
 .text.xTaskGetTickCount
                0x08006518       0x20 ./Middlewares/Third_Party/FreeRTOS/Source/tasks.o
                0x08006518                xTaskGetTickCount
 .text.xTaskIncrementTick
                0x08006538      0x224 ./Middlewares/Third_Party/FreeRTOS/Source/tasks.o
                0x08006538                xTaskIncrementTick
 .text.vTaskSwitchContext
                0x0800675c       0xac ./Middlewares/Third_Party/FreeRTOS/Source/tasks.o
                0x0800675c                vTaskSwitchContext
 .text.vTaskPlaceOnEventList
                0x08006808       0x3c ./Middlewares/Third_Party/FreeRTOS/Source/tasks.o
                0x08006808                vTaskPlaceOnEventList
 .text.vTaskPlaceOnEventListRestricted
                0x08006844       0x7c ./Middlewares/Third_Party/FreeRTOS/Source/tasks.o
                0x08006844                vTaskPlaceOnEventListRestricted
 .text.xTaskRemoveFromEventList
                0x080068c0      0x1a0 ./Middlewares/Third_Party/FreeRTOS/Source/tasks.o
                0x080068c0                xTaskRemoveFromEventList
 .text.vTaskInternalSetTimeOutState
                0x08006a60       0x2c ./Middlewares/Third_Party/FreeRTOS/Source/tasks.o
                0x08006a60                vTaskInternalSetTimeOutState
 .text.xTaskCheckForTimeOut
                0x08006a8c       0xd0 ./Middlewares/Third_Party/FreeRTOS/Source/tasks.o
                0x08006a8c                xTaskCheckForTimeOut
 .text.vTaskMissedYield
                0x08006b5c       0x18 ./Middlewares/Third_Party/FreeRTOS/Source/tasks.o
                0x08006b5c                vTaskMissedYield
 .text.prvIdleTask
                0x08006b74       0x20 ./Middlewares/Third_Party/FreeRTOS/Source/tasks.o
 .text.prvInitialiseTaskLists
                0x08006b94       0x80 ./Middlewares/Third_Party/FreeRTOS/Source/tasks.o
 .text.prvCheckTasksWaitingTermination
                0x08006c14       0x5c ./Middlewares/Third_Party/FreeRTOS/Source/tasks.o
 .text.prvDeleteTCB
                0x08006c70       0x50 ./Middlewares/Third_Party/FreeRTOS/Source/tasks.o
 .text.prvResetNextTaskUnblockTime
                0x08006cc0       0x38 ./Middlewares/Third_Party/FreeRTOS/Source/tasks.o
 .text.xTaskGetSchedulerState
                0x08006cf8       0x3c ./Middlewares/Third_Party/FreeRTOS/Source/tasks.o
                0x08006cf8                xTaskGetSchedulerState
 .text.prvAddCurrentTaskToDelayedList
                0x08006d34       0xec ./Middlewares/Third_Party/FreeRTOS/Source/tasks.o
 .text.vApplicationGetIdleTaskMemory
                0x08006e20       0x34 ./Middlewares/Third_Party/FreeRTOS/Source/tasks.o
                0x08006e20                vApplicationGetIdleTaskMemory
 .text.vApplicationGetTimerTaskMemory
                0x08006e54       0x34 ./Middlewares/Third_Party/FreeRTOS/Source/tasks.o
                0x08006e54                vApplicationGetTimerTaskMemory
 .text.xTimerCreateTimerTask
                0x08006e88       0x80 ./Middlewares/Third_Party/FreeRTOS/Source/timers.o
                0x08006e88                xTimerCreateTimerTask
 .text.prvReloadTimer
                0x08006f08       0x42 ./Middlewares/Third_Party/FreeRTOS/Source/timers.o
 *fill*         0x08006f4a        0x2 
 .text.prvProcessExpiredTimer
                0x08006f4c       0x60 ./Middlewares/Third_Party/FreeRTOS/Source/timers.o
 .text.prvTimerTask
                0x08006fac       0x26 ./Middlewares/Third_Party/FreeRTOS/Source/timers.o
 *fill*         0x08006fd2        0x2 
 .text.prvProcessTimerOrBlockTask
                0x08006fd4       0x8c ./Middlewares/Third_Party/FreeRTOS/Source/timers.o
 .text.prvGetNextExpireTime
                0x08007060       0x48 ./Middlewares/Third_Party/FreeRTOS/Source/timers.o
 .text.prvSampleTimeNow
                0x080070a8       0x40 ./Middlewares/Third_Party/FreeRTOS/Source/timers.o
 .text.prvInsertTimerInActiveList
                0x080070e8       0x84 ./Middlewares/Third_Party/FreeRTOS/Source/timers.o
 .text.prvProcessReceivedCommands
                0x0800716c      0x1b0 ./Middlewares/Third_Party/FreeRTOS/Source/timers.o
 .text.prvSwitchTimerLists
                0x0800731c       0x4c ./Middlewares/Third_Party/FreeRTOS/Source/timers.o
 .text.prvCheckForValidListAndQueue
                0x08007368       0x80 ./Middlewares/Third_Party/FreeRTOS/Source/timers.o
 .text.vPortSetupTimerInterrupt
                0x080073e8       0x48 ./Middlewares/Third_Party/FreeRTOS/Source/portable/GCC/ARM_CM33_NTZ/non_secure/port.o
                0x080073e8                vPortSetupTimerInterrupt
 .text.prvTaskExitError
                0x08007430       0x38 ./Middlewares/Third_Party/FreeRTOS/Source/portable/GCC/ARM_CM33_NTZ/non_secure/port.o
 .text.vPortYield
                0x08007468       0x24 ./Middlewares/Third_Party/FreeRTOS/Source/portable/GCC/ARM_CM33_NTZ/non_secure/port.o
                0x08007468                vPortYield
 .text.vPortEnterCritical
                0x0800748c       0x24 ./Middlewares/Third_Party/FreeRTOS/Source/portable/GCC/ARM_CM33_NTZ/non_secure/port.o
                0x0800748c                vPortEnterCritical
 .text.vPortExitCritical
                0x080074b0       0x34 ./Middlewares/Third_Party/FreeRTOS/Source/portable/GCC/ARM_CM33_NTZ/non_secure/port.o
                0x080074b0                vPortExitCritical
 .text.xPortSysTickHandler
                0x080074e4       0x30 ./Middlewares/Third_Party/FreeRTOS/Source/portable/GCC/ARM_CM33_NTZ/non_secure/port.o
                0x080074e4                xPortSysTickHandler
 .text.vPortSVCHandler_C
                0x08007514       0x32 ./Middlewares/Third_Party/FreeRTOS/Source/portable/GCC/ARM_CM33_NTZ/non_secure/port.o
                0x08007514                vPortSVCHandler_C
 *fill*         0x08007546        0x2 
 .text.pxPortInitialiseStack
                0x08007548      0x114 ./Middlewares/Third_Party/FreeRTOS/Source/portable/GCC/ARM_CM33_NTZ/non_secure/port.o
                0x08007548                pxPortInitialiseStack
 .text.xPortStartScheduler
                0x0800765c      0x12c ./Middlewares/Third_Party/FreeRTOS/Source/portable/GCC/ARM_CM33_NTZ/non_secure/port.o
                0x0800765c                xPortStartScheduler
 .text.vRestoreContextOfFirstTask
                0x08007788       0x34 ./Middlewares/Third_Party/FreeRTOS/Source/portable/GCC/ARM_CM33_NTZ/non_secure/portasm.o
                0x08007788                vRestoreContextOfFirstTask
 .text.vStartFirstTask
                0x080077bc       0x20 ./Middlewares/Third_Party/FreeRTOS/Source/portable/GCC/ARM_CM33_NTZ/non_secure/portasm.o
                0x080077bc                vStartFirstTask
 .text.ulSetInterruptMask
                0x080077dc       0x1a ./Middlewares/Third_Party/FreeRTOS/Source/portable/GCC/ARM_CM33_NTZ/non_secure/portasm.o
                0x080077dc                ulSetInterruptMask
 .text.vClearInterruptMask
                0x080077f6       0x10 ./Middlewares/Third_Party/FreeRTOS/Source/portable/GCC/ARM_CM33_NTZ/non_secure/portasm.o
                0x080077f6                vClearInterruptMask
 *fill*         0x08007806        0x2 
 .text.PendSV_Handler
                0x08007808       0x4c ./Middlewares/Third_Party/FreeRTOS/Source/portable/GCC/ARM_CM33_NTZ/non_secure/portasm.o
                0x08007808                PendSV_Handler
 .text.SVC_Handler
                0x08007854       0x18 ./Middlewares/Third_Party/FreeRTOS/Source/portable/GCC/ARM_CM33_NTZ/non_secure/portasm.o
                0x08007854                SVC_Handler
 .text.pvPortMalloc
                0x0800786c       0xa8 ./Middlewares/Third_Party/FreeRTOS/Source/portable/MemMang/heap_1.o
                0x0800786c                pvPortMalloc
 .text.vPortFree
                0x08007914       0x1e ./Middlewares/Third_Party/FreeRTOS/Source/portable/MemMang/heap_1.o
                0x08007914                vPortFree
 .text.memset   0x08007932       0x10 C:/ST/STM32CubeIDE_2.1.1/STM32CubeIDE/plugins/com.st.stm32cube.ide.mcu.externaltools.gnu-tools-for-stm32.14.3.rel1.win32_1.0.100.202602081740/tools/bin/../lib/gcc/arm-none-eabi/14.3.1/../../../../arm-none-eabi/lib/thumb/v8-m.main+fp/hard\libc_nano.a(libc_a-memset.o)
                0x08007932                memset
 *fill*         0x08007942        0x2 
 .text.__libc_init_array
                0x08007944       0x48 C:/ST/STM32CubeIDE_2.1.1/STM32CubeIDE/plugins/com.st.stm32cube.ide.mcu.externaltools.gnu-tools-for-stm32.14.3.rel1.win32_1.0.100.202602081740/tools/bin/../lib/gcc/arm-none-eabi/14.3.1/../../../../arm-none-eabi/lib/thumb/v8-m.main+fp/hard\libc_nano.a(libc_a-init.o)
                0x08007944                __libc_init_array
 .text.memcpy   0x0800798c       0x1a C:/ST/STM32CubeIDE_2.1.1/STM32CubeIDE/plugins/com.st.stm32cube.ide.mcu.externaltools.gnu-tools-for-stm32.14.3.rel1.win32_1.0.100.202602081740/tools/bin/../lib/gcc/arm-none-eabi/14.3.1/../../../../arm-none-eabi/lib/thumb/v8-m.main+fp/hard\libc_nano.a(libc_a-memcpy-stub.o)
                0x0800798c                memcpy
 *(.glue_7)
 .glue_7        0x080079a6        0x0 linker stubs
 *(.glue_7t)
 .glue_7t       0x080079a6        0x0 linker stubs
 *(.eh_frame)
 *fill*         0x080079a6        0x2 
 .eh_frame      0x080079a8        0x0 C:/ST/STM32CubeIDE_2.1.1/STM32CubeIDE/plugins/com.st.stm32cube.ide.mcu.externaltools.gnu-tools-for-stm32.14.3.rel1.win32_1.0.100.202602081740/tools/bin/../lib/gcc/arm-none-eabi/14.3.1/thumb/v8-m.main+fp/hard/crtbegin.o
 *(.init)
 .init          0x080079a8        0x4 C:/ST/STM32CubeIDE_2.1.1/STM32CubeIDE/plugins/com.st.stm32cube.ide.mcu.externaltools.gnu-tools-for-stm32.14.3.rel1.win32_1.0.100.202602081740/tools/bin/../lib/gcc/arm-none-eabi/14.3.1/thumb/v8-m.main+fp/hard/crti.o
                0x080079a8                _init
 .init          0x080079ac        0x8 C:/ST/STM32CubeIDE_2.1.1/STM32CubeIDE/plugins/com.st.stm32cube.ide.mcu.externaltools.gnu-tools-for-stm32.14.3.rel1.win32_1.0.100.202602081740/tools/bin/../lib/gcc/arm-none-eabi/14.3.1/thumb/v8-m.main+fp/hard/crtn.o
 *(.fini)
 .fini          0x080079b4        0x4 C:/ST/STM32CubeIDE_2.1.1/STM32CubeIDE/plugins/com.st.stm32cube.ide.mcu.externaltools.gnu-tools-for-stm32.14.3.rel1.win32_1.0.100.202602081740/tools/bin/../lib/gcc/arm-none-eabi/14.3.1/thumb/v8-m.main+fp/hard/crti.o
                0x080079b4                _fini
 .fini          0x080079b8        0x8 C:/ST/STM32CubeIDE_2.1.1/STM32CubeIDE/plugins/com.st.stm32cube.ide.mcu.externaltools.gnu-tools-for-stm32.14.3.rel1.win32_1.0.100.202602081740/tools/bin/../lib/gcc/arm-none-eabi/14.3.1/thumb/v8-m.main+fp/hard/crtn.o
                0x080079c0                        . = ALIGN (0x4)
                0x080079c0                        _etext = .

.vfp11_veneer   0x080079c0        0x0
 .vfp11_veneer  0x080079c0        0x0 linker stubs

.v4_bx          0x080079c0        0x0
 .v4_bx         0x080079c0        0x0 linker stubs

.iplt           0x080079c0        0x0
 .iplt          0x080079c0        0x0 C:/ST/STM32CubeIDE_2.1.1/STM32CubeIDE/plugins/com.st.stm32cube.ide.mcu.externaltools.gnu-tools-for-stm32.14.3.rel1.win32_1.0.100.202602081740/tools/bin/../lib/gcc/arm-none-eabi/14.3.1/thumb/v8-m.main+fp/hard/crtbegin.o

.rodata         0x080079c0       0x70
                0x080079c0                        . = ALIGN (0x4)
 *(.rodata)
 .rodata        0x080079c0       0x1f ./Core/Src/main.o
 *fill*         0x080079df        0x1 
 .rodata        0x080079e0        0x5 ./Middlewares/Third_Party/FreeRTOS/Source/tasks.o
 *fill*         0x080079e5        0x3 
 .rodata        0x080079e8        0xd ./Middlewares/Third_Party/FreeRTOS/Source/timers.o
 *(.rodata*)
 *fill*         0x080079f5        0x3 
 .rodata.AHBPrescTable
                0x080079f8       0x10 ./Core/Src/system_stm32h5xx.o
                0x080079f8                AHBPrescTable
 .rodata.APBPrescTable
                0x08007a08        0x8 ./Core/Src/system_stm32h5xx.o
                0x08007a08                APBPrescTable
 .rodata.BUTTON_EXTI_LINE.2
                0x08007a10        0x4 ./Drivers/BSP/STM32H5xx_Nucleo/stm32h5xx_nucleo.o
 .rodata.UARTPrescTable
                0x08007a14       0x18 ./Drivers/STM32H5xx_HAL_Driver/Src/stm32h5xx_hal_uart.o
                0x08007a14                UARTPrescTable
 .rodata.uxTopUsedPriority
                0x08007a2c        0x4 ./Middlewares/Third_Party/FreeRTOS/Source/tasks.o
                0x08007a30                        . = ALIGN (0x4)

.ARM.extab      0x08007a30        0x0
                0x08007a30                        . = ALIGN (0x4)
 *(.ARM.extab* .gnu.linkonce.armextab.*)
                0x08007a30                        . = ALIGN (0x4)

.ARM            0x08007a30        0x8
                0x08007a30                        . = ALIGN (0x4)
                0x08007a30                        __exidx_start = .
 *(.ARM.exidx*)
 .ARM.exidx     0x08007a30        0x8 C:/ST/STM32CubeIDE_2.1.1/STM32CubeIDE/plugins/com.st.stm32cube.ide.mcu.externaltools.gnu-tools-for-stm32.14.3.rel1.win32_1.0.100.202602081740/tools/bin/../lib/gcc/arm-none-eabi/14.3.1/thumb/v8-m.main+fp/hard\libgcc.a(_udivmoddi4.o)
                0x08007a38                        __exidx_end = .
                0x08007a38                        . = ALIGN (0x4)

.preinit_array  0x08007a38        0x0
                0x08007a38                        . = ALIGN (0x4)
                0x08007a38                        PROVIDE (__preinit_array_start = .)
 *(.preinit_array*)
                0x08007a38                        PROVIDE (__preinit_array_end = .)
                0x08007a38                        . = ALIGN (0x4)

.init_array     0x08007a38        0x4
                0x08007a38                        . = ALIGN (0x4)
                0x08007a38                        PROVIDE (__init_array_start = .)
 *(SORT_BY_NAME(.init_array.*))
 *(.init_array*)
 .init_array    0x08007a38        0x4 C:/ST/STM32CubeIDE_2.1.1/STM32CubeIDE/plugins/com.st.stm32cube.ide.mcu.externaltools.gnu-tools-for-stm32.14.3.rel1.win32_1.0.100.202602081740/tools/bin/../lib/gcc/arm-none-eabi/14.3.1/thumb/v8-m.main+fp/hard/crtbegin.o
                0x08007a3c                        PROVIDE (__init_array_end = .)
                0x08007a3c                        . = ALIGN (0x4)

.fini_array     0x08007a3c        0x4
                0x08007a3c                        . = ALIGN (0x4)
                [!provide]                        PROVIDE (__fini_array_start = .)
 *(SORT_BY_NAME(.fini_array.*))
 *(.fini_array*)
 .fini_array    0x08007a3c        0x4 C:/ST/STM32CubeIDE_2.1.1/STM32CubeIDE/plugins/com.st.stm32cube.ide.mcu.externaltools.gnu-tools-for-stm32.14.3.rel1.win32_1.0.100.202602081740/tools/bin/../lib/gcc/arm-none-eabi/14.3.1/thumb/v8-m.main+fp/hard/crtbegin.o
                [!provide]                        PROVIDE (__fini_array_end = .)
                0x08007a40                        . = ALIGN (0x4)
                0x08007a40                        _sidata = LOADADDR (.data)

.rel.dyn        0x08007a40        0x0
 .rel.iplt      0x08007a40        0x0 C:/ST/STM32CubeIDE_2.1.1/STM32CubeIDE/plugins/com.st.stm32cube.ide.mcu.externaltools.gnu-tools-for-stm32.14.3.rel1.win32_1.0.100.202602081740/tools/bin/../lib/gcc/arm-none-eabi/14.3.1/thumb/v8-m.main+fp/hard/crtbegin.o

.data           0x20000000       0x54 load address 0x08007a40
                0x20000000                        . = ALIGN (0x4)
                0x20000000                        _sdata = .
 *(.data)
 *(.data*)
 .data.led1.3   0x20000000        0xc ./Core/Src/main.o
 .data.ledG.2   0x2000000c        0xc ./Core/Src/main.o
 .data.ledR.1   0x20000018        0xc ./Core/Src/main.o
 .data.ledY.0   0x20000024        0xc ./Core/Src/main.o
 .data.SystemCoreClock
                0x20000030        0x4 ./Core/Src/system_stm32h5xx.o
                0x20000030                SystemCoreClock
 .data.COM_USART
                0x20000034        0x4 ./Drivers/BSP/STM32H5xx_Nucleo/stm32h5xx_nucleo.o
                0x20000034                COM_USART
 .data.LED_PORT
                0x20000038        0x4 ./Drivers/BSP/STM32H5xx_Nucleo/stm32h5xx_nucleo.o
 .data.BUTTON_PORT
                0x2000003c        0x4 ./Drivers/BSP/STM32H5xx_Nucleo/stm32h5xx_nucleo.o
 .data.ButtonCallback.1
                0x20000040        0x4 ./Drivers/BSP/STM32H5xx_Nucleo/stm32h5xx_nucleo.o
 .data.BSP_BUTTON_PRIO.0
                0x20000044        0x4 ./Drivers/BSP/STM32H5xx_Nucleo/stm32h5xx_nucleo.o
 .data.uwTickPrio
                0x20000048        0x4 ./Drivers/STM32H5xx_HAL_Driver/Src/stm32h5xx_hal.o
                0x20000048                uwTickPrio
 .data.uwTickFreq
                0x2000004c        0x1 ./Drivers/STM32H5xx_HAL_Driver/Src/stm32h5xx_hal.o
                0x2000004c                uwTickFreq
 *fill*         0x2000004d        0x3 
 .data.ulCriticalNesting
                0x20000050        0x4 ./Middlewares/Third_Party/FreeRTOS/Source/portable/GCC/ARM_CM33_NTZ/non_secure/port.o
 *(.RamFunc)
 *(.RamFunc*)
                0x20000054                        . = ALIGN (0x4)
                0x20000054                        _edata = .

.igot.plt       0x20000054        0x0 load address 0x08007a94
 .igot.plt      0x20000054        0x0 C:/ST/STM32CubeIDE_2.1.1/STM32CubeIDE/plugins/com.st.stm32cube.ide.mcu.externaltools.gnu-tools-for-stm32.14.3.rel1.win32_1.0.100.202602081740/tools/bin/../lib/gcc/arm-none-eabi/14.3.1/thumb/v8-m.main+fp/hard/crtbegin.o
                0x20000054                        . = ALIGN (0x4)

.bss            0x20000054     0x2c50 load address 0x08007a94
                0x20000054                        _sbss = .
                0x20000054                        __bss_start__ = _sbss
 *(.bss)
 .bss           0x20000054       0x1c C:/ST/STM32CubeIDE_2.1.1/STM32CubeIDE/plugins/com.st.stm32cube.ide.mcu.externaltools.gnu-tools-for-stm32.14.3.rel1.win32_1.0.100.202602081740/tools/bin/../lib/gcc/arm-none-eabi/14.3.1/thumb/v8-m.main+fp/hard/crtbegin.o
 *(.bss*)
 .bss.BspCOMInit
                0x20000070       0x10 ./Core/Src/main.o
                0x20000070                BspCOMInit
 .bss.htim6     0x20000080       0x4c ./Core/Src/stm32h5xx_hal_timebase_tim.o
                0x20000080                htim6
 .bss.hpb_exti  0x200000cc        0xc ./Drivers/BSP/STM32H5xx_Nucleo/stm32h5xx_nucleo.o
                0x200000cc                hpb_exti
 .bss.hcom_uart
                0x200000d8       0x94 ./Drivers/BSP/STM32H5xx_Nucleo/stm32h5xx_nucleo.o
                0x200000d8                hcom_uart
 .bss.uwTick    0x2000016c        0x4 ./Drivers/STM32H5xx_HAL_Driver/Src/stm32h5xx_hal.o
                0x2000016c                uwTick
 .bss.xQueueRegistry
                0x20000170       0x40 ./Middlewares/Third_Party/FreeRTOS/Source/queue.o
                0x20000170                xQueueRegistry
 .bss.pxCurrentTCB
                0x200001b0        0x4 ./Middlewares/Third_Party/FreeRTOS/Source/tasks.o
                0x200001b0                pxCurrentTCB
 .bss.pxReadyTasksLists
                0x200001b4      0x460 ./Middlewares/Third_Party/FreeRTOS/Source/tasks.o
 .bss.xDelayedTaskList1
                0x20000614       0x14 ./Middlewares/Third_Party/FreeRTOS/Source/tasks.o
 .bss.xDelayedTaskList2
                0x20000628       0x14 ./Middlewares/Third_Party/FreeRTOS/Source/tasks.o
 .bss.pxDelayedTaskList
                0x2000063c        0x4 ./Middlewares/Third_Party/FreeRTOS/Source/tasks.o
 .bss.pxOverflowDelayedTaskList
                0x20000640        0x4 ./Middlewares/Third_Party/FreeRTOS/Source/tasks.o
 .bss.xPendingReadyList
                0x20000644       0x14 ./Middlewares/Third_Party/FreeRTOS/Source/tasks.o
 .bss.xTasksWaitingTermination
                0x20000658       0x14 ./Middlewares/Third_Party/FreeRTOS/Source/tasks.o
 .bss.uxDeletedTasksWaitingCleanUp
                0x2000066c        0x4 ./Middlewares/Third_Party/FreeRTOS/Source/tasks.o
 .bss.xSuspendedTaskList
                0x20000670       0x14 ./Middlewares/Third_Party/FreeRTOS/Source/tasks.o
 .bss.uxCurrentNumberOfTasks
                0x20000684        0x4 ./Middlewares/Third_Party/FreeRTOS/Source/tasks.o
 .bss.xTickCount
                0x20000688        0x4 ./Middlewares/Third_Party/FreeRTOS/Source/tasks.o
 .bss.uxTopReadyPriority
                0x2000068c        0x4 ./Middlewares/Third_Party/FreeRTOS/Source/tasks.o
 .bss.xSchedulerRunning
                0x20000690        0x4 ./Middlewares/Third_Party/FreeRTOS/Source/tasks.o
 .bss.xPendedTicks
                0x20000694        0x4 ./Middlewares/Third_Party/FreeRTOS/Source/tasks.o
 .bss.xYieldPendings
                0x20000698        0x4 ./Middlewares/Third_Party/FreeRTOS/Source/tasks.o
 .bss.xNumOfOverflows
                0x2000069c        0x4 ./Middlewares/Third_Party/FreeRTOS/Source/tasks.o
 .bss.uxTaskNumber
                0x200006a0        0x4 ./Middlewares/Third_Party/FreeRTOS/Source/tasks.o
 .bss.xNextTaskUnblockTime
                0x200006a4        0x4 ./Middlewares/Third_Party/FreeRTOS/Source/tasks.o
 .bss.xIdleTaskHandles
                0x200006a8        0x4 ./Middlewares/Third_Party/FreeRTOS/Source/tasks.o
 .bss.uxSchedulerSuspended
                0x200006ac        0x4 ./Middlewares/Third_Party/FreeRTOS/Source/tasks.o
 .bss.xIdleTaskTCB.3
                0x200006b0       0x5c ./Middlewares/Third_Party/FreeRTOS/Source/tasks.o
 .bss.uxIdleTaskStack.2
                0x2000070c      0x200 ./Middlewares/Third_Party/FreeRTOS/Source/tasks.o
 .bss.xTimerTaskTCB.1
                0x2000090c       0x5c ./Middlewares/Third_Party/FreeRTOS/Source/tasks.o
 .bss.uxTimerTaskStack.0
                0x20000968      0x200 ./Middlewares/Third_Party/FreeRTOS/Source/tasks.o
 .bss.xActiveTimerList1
                0x20000b68       0x14 ./Middlewares/Third_Party/FreeRTOS/Source/timers.o
 .bss.xActiveTimerList2
                0x20000b7c       0x14 ./Middlewares/Third_Party/FreeRTOS/Source/timers.o
 .bss.pxCurrentTimerList
                0x20000b90        0x4 ./Middlewares/Third_Party/FreeRTOS/Source/timers.o
 .bss.pxOverflowTimerList
                0x20000b94        0x4 ./Middlewares/Third_Party/FreeRTOS/Source/timers.o
 .bss.xTimerQueue
                0x20000b98        0x4 ./Middlewares/Third_Party/FreeRTOS/Source/timers.o
 .bss.xTimerTaskHandle
                0x20000b9c        0x4 ./Middlewares/Third_Party/FreeRTOS/Source/timers.o
 .bss.xLastTime.2
                0x20000ba0        0x4 ./Middlewares/Third_Party/FreeRTOS/Source/timers.o
 .bss.ucStaticTimerQueueStorage.1
                0x20000ba4       0xa0 ./Middlewares/Third_Party/FreeRTOS/Source/timers.o
 .bss.xStaticTimerQueue.0
                0x20000c44       0x50 ./Middlewares/Third_Party/FreeRTOS/Source/timers.o
 .bss.ucMaxSysCallPriority
                0x20000c94        0x1 ./Middlewares/Third_Party/FreeRTOS/Source/portable/GCC/ARM_CM33_NTZ/non_secure/port.o
 *fill*         0x20000c95        0x3 
 .bss.ulMaxPRIGROUPValue
                0x20000c98        0x4 ./Middlewares/Third_Party/FreeRTOS/Source/portable/GCC/ARM_CM33_NTZ/non_secure/port.o
 .bss.ucHeap    0x20000c9c     0x2000 ./Middlewares/Third_Party/FreeRTOS/Source/portable/MemMang/heap_1.o
 .bss.xNextFreeByte
                0x20002c9c        0x4 ./Middlewares/Third_Party/FreeRTOS/Source/portable/MemMang/heap_1.o
 .bss.pucAlignedHeap.0
                0x20002ca0        0x4 ./Middlewares/Third_Party/FreeRTOS/Source/portable/MemMang/heap_1.o
 *(COMMON)
                0x20002ca4                        . = ALIGN (0x4)
                0x20002ca4                        _ebss = .
                0x20002ca4                        __bss_end__ = _ebss

._user_heap_stack
                0x20002ca4      0x604 load address 0x08007a94
                0x20002ca8                        . = ALIGN (0x8)
 *fill*         0x20002ca4        0x4 
                [!provide]                        PROVIDE (end = .)
                0x20002ca8                        PROVIDE (_end = .)
                0x20002ea8                        . = (. + _Min_Heap_Size)
 *fill*         0x20002ca8      0x200 
                0x200032a8                        . = (. + _Min_Stack_Size)
 *fill*         0x20002ea8      0x400 
                0x200032a8                        . = ALIGN (0x8)

/DISCARD/
 libc.a(*)
 libm.a(*)
 libgcc.a(*)

.ARM.attributes
                0x00000000       0x36
 *(.ARM.attributes)
 .ARM.attributes
                0x00000000       0x26 C:/ST/STM32CubeIDE_2.1.1/STM32CubeIDE/plugins/com.st.stm32cube.ide.mcu.externaltools.gnu-tools-for-stm32.14.3.rel1.win32_1.0.100.202602081740/tools/bin/../lib/gcc/arm-none-eabi/14.3.1/thumb/v8-m.main+fp/hard/crti.o
 .ARM.attributes
                0x00000026       0x38 C:/ST/STM32CubeIDE_2.1.1/STM32CubeIDE/plugins/com.st.stm32cube.ide.mcu.externaltools.gnu-tools-for-stm32.14.3.rel1.win32_1.0.100.202602081740/tools/bin/../lib/gcc/arm-none-eabi/14.3.1/thumb/v8-m.main+fp/hard/crtbegin.o
 .ARM.attributes
                0x0000005e       0x3a ./Core/Src/gpio.o
 .ARM.attributes
                0x00000098       0x3a ./Core/Src/icache.o
 .ARM.attributes
                0x000000d2       0x3a ./Core/Src/main.o
 .ARM.attributes
                0x0000010c       0x3a ./Core/Src/stm32h5xx_hal_msp.o
 .ARM.attributes
                0x00000146       0x3a ./Core/Src/stm32h5xx_hal_timebase_tim.o
 .ARM.attributes
                0x00000180       0x3a ./Core/Src/stm32h5xx_it.o
 .ARM.attributes
                0x000001ba       0x3a ./Core/Src/system_stm32h5xx.o
 .ARM.attributes
                0x000001f4       0x24 ./Core/Startup/startup_stm32h533retx.o
 .ARM.attributes
                0x00000218       0x3a ./Drivers/BSP/STM32H5xx_Nucleo/stm32h5xx_nucleo.o
 .ARM.attributes
                0x00000252       0x3a ./Drivers/STM32H5xx_HAL_Driver/Src/stm32h5xx_hal.o
 .ARM.attributes
                0x0000028c       0x3a ./Drivers/STM32H5xx_HAL_Driver/Src/stm32h5xx_hal_cortex.o
 .ARM.attributes
                0x000002c6       0x3a ./Drivers/STM32H5xx_HAL_Driver/Src/stm32h5xx_hal_exti.o
 .ARM.attributes
                0x00000300       0x3a ./Drivers/STM32H5xx_HAL_Driver/Src/stm32h5xx_hal_gpio.o
 .ARM.attributes
                0x0000033a       0x3a ./Drivers/STM32H5xx_HAL_Driver/Src/stm32h5xx_hal_icache.o
 .ARM.attributes
                0x00000374       0x3a ./Drivers/STM32H5xx_HAL_Driver/Src/stm32h5xx_hal_rcc.o
 .ARM.attributes
                0x000003ae       0x3a ./Drivers/STM32H5xx_HAL_Driver/Src/stm32h5xx_hal_rcc_ex.o
 .ARM.attributes
                0x000003e8       0x3a ./Drivers/STM32H5xx_HAL_Driver/Src/stm32h5xx_hal_tim.o
 .ARM.attributes
                0x00000422       0x3a ./Drivers/STM32H5xx_HAL_Driver/Src/stm32h5xx_hal_tim_ex.o
 .ARM.attributes
                0x0000045c       0x3a ./Drivers/STM32H5xx_HAL_Driver/Src/stm32h5xx_hal_uart.o
 .ARM.attributes
                0x00000496       0x3a ./Middlewares/Third_Party/FreeRTOS/Source/CMSIS_RTOS_V2/cmsis_os2.o
 .ARM.attributes
                0x000004d0       0x3a ./Middlewares/Third_Party/FreeRTOS/Source/list.o
 .ARM.attributes
                0x0000050a       0x3a ./Middlewares/Third_Party/FreeRTOS/Source/queue.o
 .ARM.attributes
                0x00000544       0x3a ./Middlewares/Third_Party/FreeRTOS/Source/tasks.o
 .ARM.attributes
                0x0000057e       0x3a ./Middlewares/Third_Party/FreeRTOS/Source/timers.o
 .ARM.attributes
                0x000005b8       0x3a ./Middlewares/Third_Party/FreeRTOS/Source/portable/GCC/ARM_CM33_NTZ/non_secure/port.o
 .ARM.attributes
                0x000005f2       0x3a ./Middlewares/Third_Party/FreeRTOS/Source/portable/GCC/ARM_CM33_NTZ/non_secure/portasm.o
 .ARM.attributes
                0x0000062c       0x3a ./Middlewares/Third_Party/FreeRTOS/Source/portable/MemMang/heap_1.o
 .ARM.attributes
                0x00000666       0x38 C:/ST/STM32CubeIDE_2.1.1/STM32CubeIDE/plugins/com.st.stm32cube.ide.mcu.externaltools.gnu-tools-for-stm32.14.3.rel1.win32_1.0.100.202602081740/tools/bin/../lib/gcc/arm-none-eabi/14.3.1/../../../../arm-none-eabi/lib/thumb/v8-m.main+fp/hard\libc_nano.a(libc_a-memset.o)
 .ARM.attributes
                0x0000069e       0x38 C:/ST/STM32CubeIDE_2.1.1/STM32CubeIDE/plugins/com.st.stm32cube.ide.mcu.externaltools.gnu-tools-for-stm32.14.3.rel1.win32_1.0.100.202602081740/tools/bin/../lib/gcc/arm-none-eabi/14.3.1/../../../../arm-none-eabi/lib/thumb/v8-m.main+fp/hard\libc_nano.a(libc_a-init.o)
 .ARM.attributes
                0x000006d6       0x38 C:/ST/STM32CubeIDE_2.1.1/STM32CubeIDE/plugins/com.st.stm32cube.ide.mcu.externaltools.gnu-tools-for-stm32.14.3.rel1.win32_1.0.100.202602081740/tools/bin/../lib/gcc/arm-none-eabi/14.3.1/../../../../arm-none-eabi/lib/thumb/v8-m.main+fp/hard\libc_nano.a(libc_a-memcpy-stub.o)
 .ARM.attributes
                0x0000070e       0x26 C:/ST/STM32CubeIDE_2.1.1/STM32CubeIDE/plugins/com.st.stm32cube.ide.mcu.externaltools.gnu-tools-for-stm32.14.3.rel1.win32_1.0.100.202602081740/tools/bin/../lib/gcc/arm-none-eabi/14.3.1/thumb/v8-m.main+fp/hard\libgcc.a(_aeabi_uldivmod.o)
 .ARM.attributes
                0x00000734       0x38 C:/ST/STM32CubeIDE_2.1.1/STM32CubeIDE/plugins/com.st.stm32cube.ide.mcu.externaltools.gnu-tools-for-stm32.14.3.rel1.win32_1.0.100.202602081740/tools/bin/../lib/gcc/arm-none-eabi/14.3.1/thumb/v8-m.main+fp/hard\libgcc.a(_udivmoddi4.o)
 .ARM.attributes
                0x0000076c       0x26 C:/ST/STM32CubeIDE_2.1.1/STM32CubeIDE/plugins/com.st.stm32cube.ide.mcu.externaltools.gnu-tools-for-stm32.14.3.rel1.win32_1.0.100.202602081740/tools/bin/../lib/gcc/arm-none-eabi/14.3.1/thumb/v8-m.main+fp/hard\libgcc.a(_dvmd_tls.o)
 .ARM.attributes
                0x00000792       0x26 C:/ST/STM32CubeIDE_2.1.1/STM32CubeIDE/plugins/com.st.stm32cube.ide.mcu.externaltools.gnu-tools-for-stm32.14.3.rel1.win32_1.0.100.202602081740/tools/bin/../lib/gcc/arm-none-eabi/14.3.1/thumb/v8-m.main+fp/hard/crtn.o
OUTPUT(test_blincky.elf elf32-littlearm)
LOAD linker stubs
LOAD C:/ST/STM32CubeIDE_2.1.1/STM32CubeIDE/plugins/com.st.stm32cube.ide.mcu.externaltools.gnu-tools-for-stm32.14.3.rel1.win32_1.0.100.202602081740/tools/bin/../lib/gcc/arm-none-eabi/14.3.1/../../../../arm-none-eabi/lib/thumb/v8-m.main+fp/hard\libc.a
LOAD C:/ST/STM32CubeIDE_2.1.1/STM32CubeIDE/plugins/com.st.stm32cube.ide.mcu.externaltools.gnu-tools-for-stm32.14.3.rel1.win32_1.0.100.202602081740/tools/bin/../lib/gcc/arm-none-eabi/14.3.1/../../../../arm-none-eabi/lib/thumb/v8-m.main+fp/hard\libm.a
LOAD C:/ST/STM32CubeIDE_2.1.1/STM32CubeIDE/plugins/com.st.stm32cube.ide.mcu.externaltools.gnu-tools-for-stm32.14.3.rel1.win32_1.0.100.202602081740/tools/bin/../lib/gcc/arm-none-eabi/14.3.1/thumb/v8-m.main+fp/hard\libgcc.a

.debug_info     0x00000000    0x1d82d
 .debug_info    0x00000000      0x5b4 ./Core/Src/gpio.o
 .debug_info    0x000005b4      0x114 ./Core/Src/icache.o
 .debug_info    0x000006c8     0x1746 ./Core/Src/main.o
 .debug_info    0x00001e0e      0x3b9 ./Core/Src/stm32h5xx_hal_msp.o
 .debug_info    0x000021c7     0x112a ./Core/Src/stm32h5xx_hal_timebase_tim.o
 .debug_info    0x000032f1      0x98b ./Core/Src/stm32h5xx_it.o
 .debug_info    0x00003c7c      0xce0 ./Core/Src/system_stm32h5xx.o
 .debug_info    0x0000495c       0x30 ./Core/Startup/startup_stm32h533retx.o
 .debug_info    0x0000498c     0x1ad2 ./Drivers/BSP/STM32H5xx_Nucleo/stm32h5xx_nucleo.o
 .debug_info    0x0000645e     0x1302 ./Drivers/STM32H5xx_HAL_Driver/Src/stm32h5xx_hal.o
 .debug_info    0x00007760     0x15df ./Drivers/STM32H5xx_HAL_Driver/Src/stm32h5xx_hal_cortex.o
 .debug_info    0x00008d3f      0x7d8 ./Drivers/STM32H5xx_HAL_Driver/Src/stm32h5xx_hal_exti.o
 .debug_info    0x00009517      0x6b6 ./Drivers/STM32H5xx_HAL_Driver/Src/stm32h5xx_hal_gpio.o
 .debug_info    0x00009bcd      0x4d6 ./Drivers/STM32H5xx_HAL_Driver/Src/stm32h5xx_hal_icache.o
 .debug_info    0x0000a0a3     0x1009 ./Drivers/STM32H5xx_HAL_Driver/Src/stm32h5xx_hal_rcc.o
 .debug_info    0x0000b0ac     0x1204 ./Drivers/STM32H5xx_HAL_Driver/Src/stm32h5xx_hal_rcc_ex.o
 .debug_info    0x0000c2b0     0x2e71 ./Drivers/STM32H5xx_HAL_Driver/Src/stm32h5xx_hal_tim.o
 .debug_info    0x0000f121     0x1eaa ./Drivers/STM32H5xx_HAL_Driver/Src/stm32h5xx_hal_tim_ex.o
 .debug_info    0x00010fcb     0x4066 ./Drivers/STM32H5xx_HAL_Driver/Src/stm32h5xx_hal_uart.o
 .debug_info    0x00015031     0x2e5a ./Middlewares/Third_Party/FreeRTOS/Source/CMSIS_RTOS_V2/cmsis_os2.o
 .debug_info    0x00017e8b      0x2aa ./Middlewares/Third_Party/FreeRTOS/Source/list.o
 .debug_info    0x00018135     0x16ac ./Middlewares/Third_Party/FreeRTOS/Source/queue.o
 .debug_info    0x000197e1     0x256e ./Middlewares/Third_Party/FreeRTOS/Source/tasks.o
 .debug_info    0x0001bd4f     0x13c9 ./Middlewares/Third_Party/FreeRTOS/Source/timers.o
 .debug_info    0x0001d118      0x3e8 ./Middlewares/Third_Party/FreeRTOS/Source/portable/GCC/ARM_CM33_NTZ/non_secure/port.o
 .debug_info    0x0001d500      0x151 ./Middlewares/Third_Party/FreeRTOS/Source/portable/GCC/ARM_CM33_NTZ/non_secure/portasm.o
 .debug_info    0x0001d651      0x1dc ./Middlewares/Third_Party/FreeRTOS/Source/portable/MemMang/heap_1.o

.debug_abbrev   0x00000000     0x39c4
 .debug_abbrev  0x00000000      0x179 ./Core/Src/gpio.o
 .debug_abbrev  0x00000179       0xb6 ./Core/Src/icache.o
 .debug_abbrev  0x0000022f      0x2ee ./Core/Src/main.o
 .debug_abbrev  0x0000051d       0x95 ./Core/Src/stm32h5xx_hal_msp.o
 .debug_abbrev  0x000005b2      0x229 ./Core/Src/stm32h5xx_hal_timebase_tim.o
 .debug_abbrev  0x000007db      0x1b1 ./Core/Src/stm32h5xx_it.o
 .debug_abbrev  0x0000098c      0x13a ./Core/Src/system_stm32h5xx.o
 .debug_abbrev  0x00000ac6       0x24 ./Core/Startup/startup_stm32h533retx.o
 .debug_abbrev  0x00000aea      0x330 ./Drivers/BSP/STM32H5xx_Nucleo/stm32h5xx_nucleo.o
 .debug_abbrev  0x00000e1a      0x2af ./Drivers/STM32H5xx_HAL_Driver/Src/stm32h5xx_hal.o
 .debug_abbrev  0x000010c9      0x327 ./Drivers/STM32H5xx_HAL_Driver/Src/stm32h5xx_hal_cortex.o
 .debug_abbrev  0x000013f0      0x19a ./Drivers/STM32H5xx_HAL_Driver/Src/stm32h5xx_hal_exti.o
 .debug_abbrev  0x0000158a      0x1db ./Drivers/STM32H5xx_HAL_Driver/Src/stm32h5xx_hal_gpio.o
 .debug_abbrev  0x00001765      0x228 ./Drivers/STM32H5xx_HAL_Driver/Src/stm32h5xx_hal_icache.o
 .debug_abbrev  0x0000198d      0x290 ./Drivers/STM32H5xx_HAL_Driver/Src/stm32h5xx_hal_rcc.o
 .debug_abbrev  0x00001c1d      0x25c ./Drivers/STM32H5xx_HAL_Driver/Src/stm32h5xx_hal_rcc_ex.o
 .debug_abbrev  0x00001e79      0x2c4 ./Drivers/STM32H5xx_HAL_Driver/Src/stm32h5xx_hal_tim.o
 .debug_abbrev  0x0000213d      0x2c7 ./Drivers/STM32H5xx_HAL_Driver/Src/stm32h5xx_hal_tim_ex.o
 .debug_abbrev  0x00002404      0x305 ./Drivers/STM32H5xx_HAL_Driver/Src/stm32h5xx_hal_uart.o
 .debug_abbrev  0x00002709      0x47e ./Middlewares/Third_Party/FreeRTOS/Source/CMSIS_RTOS_V2/cmsis_os2.o
 .debug_abbrev  0x00002b87       0xee ./Middlewares/Third_Party/FreeRTOS/Source/list.o
 .debug_abbrev  0x00002c75      0x324 ./Middlewares/Third_Party/FreeRTOS/Source/queue.o
 .debug_abbrev  0x00002f99      0x329 ./Middlewares/Third_Party/FreeRTOS/Source/tasks.o
 .debug_abbrev  0x000032c2      0x33f ./Middlewares/Third_Party/FreeRTOS/Source/timers.o
 .debug_abbrev  0x00003601      0x1c8 ./Middlewares/Third_Party/FreeRTOS/Source/portable/GCC/ARM_CM33_NTZ/non_secure/port.o
 .debug_abbrev  0x000037c9       0xb8 ./Middlewares/Third_Party/FreeRTOS/Source/portable/GCC/ARM_CM33_NTZ/non_secure/portasm.o
 .debug_abbrev  0x00003881      0x143 ./Middlewares/Third_Party/FreeRTOS/Source/portable/MemMang/heap_1.o

.debug_aranges  0x00000000     0x1a18
 .debug_aranges
                0x00000000       0x20 ./Core/Src/gpio.o
 .debug_aranges
                0x00000020       0x20 ./Core/Src/icache.o
 .debug_aranges
                0x00000040       0x60 ./Core/Src/main.o
 .debug_aranges
                0x000000a0       0x20 ./Core/Src/stm32h5xx_hal_msp.o
 .debug_aranges
                0x000000c0       0x30 ./Core/Src/stm32h5xx_hal_timebase_tim.o
 .debug_aranges
                0x000000f0       0x58 ./Core/Src/stm32h5xx_it.o
 .debug_aranges
                0x00000148       0x28 ./Core/Src/system_stm32h5xx.o
 .debug_aranges
                0x00000170       0x28 ./Core/Startup/startup_stm32h533retx.o
 .debug_aranges
                0x00000198       0xc8 ./Drivers/BSP/STM32H5xx_Nucleo/stm32h5xx_nucleo.o
 .debug_aranges
                0x00000260      0x1f8 ./Drivers/STM32H5xx_HAL_Driver/Src/stm32h5xx_hal.o
 .debug_aranges
                0x00000458      0x140 ./Drivers/STM32H5xx_HAL_Driver/Src/stm32h5xx_hal_cortex.o
 .debug_aranges
                0x00000598       0x70 ./Drivers/STM32H5xx_HAL_Driver/Src/stm32h5xx_hal_exti.o
 .debug_aranges
                0x00000608       0x78 ./Drivers/STM32H5xx_HAL_Driver/Src/stm32h5xx_hal_gpio.o
 .debug_aranges
                0x00000680       0xa8 ./Drivers/STM32H5xx_HAL_Driver/Src/stm32h5xx_hal_icache.o
 .debug_aranges
                0x00000728       0xa0 ./Drivers/STM32H5xx_HAL_Driver/Src/stm32h5xx_hal_rcc.o
 .debug_aranges
                0x000007c8      0x108 ./Drivers/STM32H5xx_HAL_Driver/Src/stm32h5xx_hal_rcc_ex.o
 .debug_aranges
                0x000008d0      0x3e8 ./Drivers/STM32H5xx_HAL_Driver/Src/stm32h5xx_hal_tim.o
 .debug_aranges
                0x00000cb8      0x240 ./Drivers/STM32H5xx_HAL_Driver/Src/stm32h5xx_hal_tim_ex.o
 .debug_aranges
                0x00000ef8      0x248 ./Drivers/STM32H5xx_HAL_Driver/Src/stm32h5xx_hal_uart.o
 .debug_aranges
                0x00001140      0x298 ./Middlewares/Third_Party/FreeRTOS/Source/CMSIS_RTOS_V2/cmsis_os2.o
 .debug_aranges
                0x000013d8       0x40 ./Middlewares/Third_Party/FreeRTOS/Source/list.o
 .debug_aranges
                0x00001418      0x170 ./Middlewares/Third_Party/FreeRTOS/Source/queue.o
 .debug_aranges
                0x00001588      0x260 ./Middlewares/Third_Party/FreeRTOS/Source/tasks.o
 .debug_aranges
                0x000017e8      0x118 ./Middlewares/Third_Party/FreeRTOS/Source/timers.o
 .debug_aranges
                0x00001900       0x78 ./Middlewares/Third_Party/FreeRTOS/Source/portable/GCC/ARM_CM33_NTZ/non_secure/port.o
 .debug_aranges
                0x00001978       0x60 ./Middlewares/Third_Party/FreeRTOS/Source/portable/GCC/ARM_CM33_NTZ/non_secure/portasm.o
 .debug_aranges
                0x000019d8       0x40 ./Middlewares/Third_Party/FreeRTOS/Source/portable/MemMang/heap_1.o

.debug_rnglists
                0x00000000     0x143a
 .debug_rnglists
                0x00000000       0x14 ./Core/Src/gpio.o
 .debug_rnglists
                0x00000014       0x13 ./Core/Src/icache.o
 .debug_rnglists
                0x00000027       0x46 ./Core/Src/main.o
 .debug_rnglists
                0x0000006d       0x13 ./Core/Src/stm32h5xx_hal_msp.o
 .debug_rnglists
                0x00000080       0x20 ./Core/Src/stm32h5xx_hal_timebase_tim.o
 .debug_rnglists
                0x000000a0       0x3d ./Core/Src/stm32h5xx_it.o
 .debug_rnglists
                0x000000dd       0x1b ./Core/Src/system_stm32h5xx.o
 .debug_rnglists
                0x000000f8       0x19 ./Core/Startup/startup_stm32h533retx.o
 .debug_rnglists
                0x00000111       0x94 ./Drivers/BSP/STM32H5xx_Nucleo/stm32h5xx_nucleo.o
 .debug_rnglists
                0x000001a5      0x177 ./Drivers/STM32H5xx_HAL_Driver/Src/stm32h5xx_hal.o
 .debug_rnglists
                0x0000031c       0xec ./Drivers/STM32H5xx_HAL_Driver/Src/stm32h5xx_hal_cortex.o
 .debug_rnglists
                0x00000408       0x53 ./Drivers/STM32H5xx_HAL_Driver/Src/stm32h5xx_hal_exti.o
 .debug_rnglists
                0x0000045b       0x57 ./Drivers/STM32H5xx_HAL_Driver/Src/stm32h5xx_hal_gpio.o
 .debug_rnglists
                0x000004b2       0x7a ./Drivers/STM32H5xx_HAL_Driver/Src/stm32h5xx_hal_icache.o
 .debug_rnglists
                0x0000052c       0x79 ./Drivers/STM32H5xx_HAL_Driver/Src/stm32h5xx_hal_rcc.o
 .debug_rnglists
                0x000005a5       0xcf ./Drivers/STM32H5xx_HAL_Driver/Src/stm32h5xx_hal_rcc_ex.o
 .debug_rnglists
                0x00000674      0x32e ./Drivers/STM32H5xx_HAL_Driver/Src/stm32h5xx_hal_tim.o
 .debug_rnglists
                0x000009a2      0x1cb ./Drivers/STM32H5xx_HAL_Driver/Src/stm32h5xx_hal_tim_ex.o
 .debug_rnglists
                0x00000b6d      0x1f8 ./Drivers/STM32H5xx_HAL_Driver/Src/stm32h5xx_hal_uart.o
 .debug_rnglists
                0x00000d65      0x200 ./Middlewares/Third_Party/FreeRTOS/Source/CMSIS_RTOS_V2/cmsis_os2.o
 .debug_rnglists
                0x00000f65       0x2b ./Middlewares/Third_Party/FreeRTOS/Source/list.o
 .debug_rnglists
                0x00000f90      0x11d ./Middlewares/Third_Party/FreeRTOS/Source/queue.o
 .debug_rnglists
                0x000010ad      0x1f4 ./Middlewares/Third_Party/FreeRTOS/Source/tasks.o
 .debug_rnglists
                0x000012a1       0xd3 ./Middlewares/Third_Party/FreeRTOS/Source/timers.o
 .debug_rnglists
                0x00001374       0x57 ./Middlewares/Third_Party/FreeRTOS/Source/portable/GCC/ARM_CM33_NTZ/non_secure/port.o
 .debug_rnglists
                0x000013cb       0x43 ./Middlewares/Third_Party/FreeRTOS/Source/portable/GCC/ARM_CM33_NTZ/non_secure/portasm.o
 .debug_rnglists
                0x0000140e       0x2c ./Middlewares/Third_Party/FreeRTOS/Source/portable/MemMang/heap_1.o

.debug_macro    0x00000000     0x5d59
 .debug_macro   0x00000000      0x2e6 ./Core/Src/gpio.o
 .debug_macro   0x000002e6       0x5b ./Core/Src/gpio.o
 .debug_macro   0x00000341       0x94 ./Core/Src/gpio.o
 .debug_macro   0x000003d5       0x57 ./Core/Src/gpio.o
 .debug_macro   0x0000042c      0x2e6 ./Core/Src/icache.o
 .debug_macro   0x00000712      0x38c ./Core/Src/main.o
 .debug_macro   0x00000a9e       0x16 ./Core/Src/main.o
 .debug_macro   0x00000ab4      0x1cc ./Core/Src/main.o
 .debug_macro   0x00000c80       0x28 ./Core/Src/main.o
 .debug_macro   0x00000ca8     0x1055 ./Core/Src/main.o
 .debug_macro   0x00001cfd      0x2dc ./Core/Src/stm32h5xx_hal_msp.o
 .debug_macro   0x00001fd9      0x278 ./Core/Src/stm32h5xx_hal_timebase_tim.o
 .debug_macro   0x00002251      0x2e6 ./Core/Src/stm32h5xx_it.o
 .debug_macro   0x00002537      0x27f ./Core/Src/system_stm32h5xx.o
 .debug_macro   0x000027b6      0x2d9 ./Drivers/BSP/STM32H5xx_Nucleo/stm32h5xx_nucleo.o
 .debug_macro   0x00002a8f       0x1c ./Drivers/BSP/STM32H5xx_Nucleo/stm32h5xx_nucleo.o
 .debug_macro   0x00002aab      0x2ae ./Drivers/STM32H5xx_HAL_Driver/Src/stm32h5xx_hal.o
 .debug_macro   0x00002d59      0x278 ./Drivers/STM32H5xx_HAL_Driver/Src/stm32h5xx_hal_cortex.o
 .debug_macro   0x00002fd1      0x290 ./Drivers/STM32H5xx_HAL_Driver/Src/stm32h5xx_hal_exti.o
 .debug_macro   0x00003261      0x2ae ./Drivers/STM32H5xx_HAL_Driver/Src/stm32h5xx_hal_gpio.o
 .debug_macro   0x0000350f      0x2aa ./Drivers/STM32H5xx_HAL_Driver/Src/stm32h5xx_hal_icache.o
 .debug_macro   0x000037b9      0x2ba ./Drivers/STM32H5xx_HAL_Driver/Src/stm32h5xx_hal_rcc.o
 .debug_macro   0x00003a73      0x28a ./Drivers/STM32H5xx_HAL_Driver/Src/stm32h5xx_hal_rcc_ex.o
 .debug_macro   0x00003cfd      0x280 ./Drivers/STM32H5xx_HAL_Driver/Src/stm32h5xx_hal_tim.o
 .debug_macro   0x00003f7d      0x27e ./Drivers/STM32H5xx_HAL_Driver/Src/stm32h5xx_hal_tim_ex.o
 .debug_macro   0x000041fb      0x2a3 ./Drivers/STM32H5xx_HAL_Driver/Src/stm32h5xx_hal_uart.o
 .debug_macro   0x0000449e      0x3f0 ./Middlewares/Third_Party/FreeRTOS/Source/CMSIS_RTOS_V2/cmsis_os2.o
 .debug_macro   0x0000488e       0x10 ./Middlewares/Third_Party/FreeRTOS/Source/CMSIS_RTOS_V2/cmsis_os2.o
 .debug_macro   0x0000489e       0x20 ./Middlewares/Third_Party/FreeRTOS/Source/CMSIS_RTOS_V2/cmsis_os2.o
 .debug_macro   0x000048be       0x98 ./Middlewares/Third_Party/FreeRTOS/Source/CMSIS_RTOS_V2/cmsis_os2.o
 .debug_macro   0x00004956       0x23 ./Middlewares/Third_Party/FreeRTOS/Source/CMSIS_RTOS_V2/cmsis_os2.o
 .debug_macro   0x00004979       0x94 ./Middlewares/Third_Party/FreeRTOS/Source/CMSIS_RTOS_V2/cmsis_os2.o
 .debug_macro   0x00004a0d       0xa8 ./Middlewares/Third_Party/FreeRTOS/Source/CMSIS_RTOS_V2/cmsis_os2.o
 .debug_macro   0x00004ab5       0x22 ./Middlewares/Third_Party/FreeRTOS/Source/CMSIS_RTOS_V2/cmsis_os2.o
 .debug_macro   0x00004ad7      0x1b0 ./Middlewares/Third_Party/FreeRTOS/Source/list.o
 .debug_macro   0x00004c87      0x247 ./Middlewares/Third_Party/FreeRTOS/Source/queue.o
 .debug_macro   0x00004ece       0x16 ./Middlewares/Third_Party/FreeRTOS/Source/queue.o
 .debug_macro   0x00004ee4       0x8e ./Middlewares/Third_Party/FreeRTOS/Source/queue.o
 .debug_macro   0x00004f72      0x2db ./Middlewares/Third_Party/FreeRTOS/Source/tasks.o
 .debug_macro   0x0000524d       0x17 ./Middlewares/Third_Party/FreeRTOS/Source/tasks.o
 .debug_macro   0x00005264      0x1ff ./Middlewares/Third_Party/FreeRTOS/Source/timers.o
 .debug_macro   0x00005463       0x9e ./Middlewares/Third_Party/FreeRTOS/Source/timers.o
 .debug_macro   0x00005501      0x3db ./Middlewares/Third_Party/FreeRTOS/Source/portable/GCC/ARM_CM33_NTZ/non_secure/port.o
 .debug_macro   0x000058dc      0x1b4 ./Middlewares/Third_Party/FreeRTOS/Source/portable/GCC/ARM_CM33_NTZ/non_secure/port.o
 .debug_macro   0x00005a90       0xf8 ./Middlewares/Third_Party/FreeRTOS/Source/portable/GCC/ARM_CM33_NTZ/non_secure/portasm.o
 .debug_macro   0x00005b88      0x1d1 ./Middlewares/Third_Party/FreeRTOS/Source/portable/MemMang/heap_1.o

.debug_line     0x00000000    0x1efbd
 .debug_line    0x00000000      0x936 ./Core/Src/gpio.o
 .debug_line    0x00000936      0x941 ./Core/Src/icache.o
 .debug_line    0x00001277      0xc20 ./Core/Src/main.o
 .debug_line    0x00001e97      0x927 ./Core/Src/stm32h5xx_hal_msp.o
 .debug_line    0x000027be      0x910 ./Core/Src/stm32h5xx_hal_timebase_tim.o
 .debug_line    0x000030ce      0x9c9 ./Core/Src/stm32h5xx_it.o
 .debug_line    0x00003a97      0xa26 ./Core/Src/system_stm32h5xx.o
 .debug_line    0x000044bd       0x7d ./Core/Startup/startup_stm32h533retx.o
 .debug_line    0x0000453a      0xc9f ./Drivers/BSP/STM32H5xx_Nucleo/stm32h5xx_nucleo.o
 .debug_line    0x000051d9      0xfa5 ./Drivers/STM32H5xx_HAL_Driver/Src/stm32h5xx_hal.o
 .debug_line    0x0000617e      0xeec ./Drivers/STM32H5xx_HAL_Driver/Src/stm32h5xx_hal_cortex.o
 .debug_line    0x0000706a      0xce1 ./Drivers/STM32H5xx_HAL_Driver/Src/stm32h5xx_hal_exti.o
 .debug_line    0x00007d4b      0xca6 ./Drivers/STM32H5xx_HAL_Driver/Src/stm32h5xx_hal_gpio.o
 .debug_line    0x000089f1      0xb8c ./Drivers/STM32H5xx_HAL_Driver/Src/stm32h5xx_hal_icache.o
 .debug_line    0x0000957d     0x1435 ./Drivers/STM32H5xx_HAL_Driver/Src/stm32h5xx_hal_rcc.o
 .debug_line    0x0000a9b2     0x2452 ./Drivers/STM32H5xx_HAL_Driver/Src/stm32h5xx_hal_rcc_ex.o
 .debug_line    0x0000ce04     0x44f4 ./Drivers/STM32H5xx_HAL_Driver/Src/stm32h5xx_hal_tim.o
 .debug_line    0x000112f8     0x2256 ./Drivers/STM32H5xx_HAL_Driver/Src/stm32h5xx_hal_tim_ex.o
 .debug_line    0x0001354e     0x3556 ./Drivers/STM32H5xx_HAL_Driver/Src/stm32h5xx_hal_uart.o
 .debug_line    0x00016aa4     0x230a ./Middlewares/Third_Party/FreeRTOS/Source/CMSIS_RTOS_V2/cmsis_os2.o
 .debug_line    0x00018dae      0x7c6 ./Middlewares/Third_Party/FreeRTOS/Source/list.o
 .debug_line    0x00019574     0x1621 ./Middlewares/Third_Party/FreeRTOS/Source/queue.o
 .debug_line    0x0001ab95     0x203d ./Middlewares/Third_Party/FreeRTOS/Source/tasks.o
 .debug_line    0x0001cbd2      0xdfc ./Middlewares/Third_Party/FreeRTOS/Source/timers.o
 .debug_line    0x0001d9ce      0x837 ./Middlewares/Third_Party/FreeRTOS/Source/portable/GCC/ARM_CM33_NTZ/non_secure/port.o
 .debug_line    0x0001e205      0x62b ./Middlewares/Third_Party/FreeRTOS/Source/portable/GCC/ARM_CM33_NTZ/non_secure/portasm.o
 .debug_line    0x0001e830      0x78d ./Middlewares/Third_Party/FreeRTOS/Source/portable/MemMang/heap_1.o

.debug_str      0x00000000   0x12ced8
 .debug_str     0x00000000   0x12ced8 ./Core/Src/gpio.o
                             0x1136b1 (size before relaxing)
 .debug_str     0x0012ced8   0x11342e ./Core/Src/icache.o
 .debug_str     0x0012ced8   0x11f649 ./Core/Src/main.o
 .debug_str     0x0012ced8   0x1139fc ./Core/Src/stm32h5xx_hal_msp.o
 .debug_str     0x0012ced8   0x113621 ./Core/Src/stm32h5xx_hal_timebase_tim.o
 .debug_str     0x0012ced8   0x113b5c ./Core/Src/stm32h5xx_it.o
 .debug_str     0x0012ced8   0x112b56 ./Core/Src/system_stm32h5xx.o
 .debug_str     0x0012ced8       0x87 ./Core/Startup/startup_stm32h533retx.o
 .debug_str     0x0012ced8   0x114813 ./Drivers/BSP/STM32H5xx_Nucleo/stm32h5xx_nucleo.o
 .debug_str     0x0012ced8   0x113908 ./Drivers/STM32H5xx_HAL_Driver/Src/stm32h5xx_hal.o
 .debug_str     0x0012ced8   0x1134bf ./Drivers/STM32H5xx_HAL_Driver/Src/stm32h5xx_hal_cortex.o
 .debug_str     0x0012ced8   0x1128fa ./Drivers/STM32H5xx_HAL_Driver/Src/stm32h5xx_hal_exti.o
 .debug_str     0x0012ced8   0x11292d ./Drivers/STM32H5xx_HAL_Driver/Src/stm32h5xx_hal_gpio.o
 .debug_str     0x0012ced8   0x112c56 ./Drivers/STM32H5xx_HAL_Driver/Src/stm32h5xx_hal_icache.o
 .debug_str     0x0012ced8   0x11309b ./Drivers/STM32H5xx_HAL_Driver/Src/stm32h5xx_hal_rcc.o
 .debug_str     0x0012ced8   0x113325 ./Drivers/STM32H5xx_HAL_Driver/Src/stm32h5xx_hal_rcc_ex.o
 .debug_str     0x0012ced8   0x113d7d ./Drivers/STM32H5xx_HAL_Driver/Src/stm32h5xx_hal_tim.o
 .debug_str     0x0012ced8   0x1139a1 ./Drivers/STM32H5xx_HAL_Driver/Src/stm32h5xx_hal_tim_ex.o
 .debug_str     0x0012ced8   0x11360e ./Drivers/STM32H5xx_HAL_Driver/Src/stm32h5xx_hal_uart.o
 .debug_str     0x0012ced8   0x1211c0 ./Middlewares/Third_Party/FreeRTOS/Source/CMSIS_RTOS_V2/cmsis_os2.o
 .debug_str     0x0012ced8    0x1107b ./Middlewares/Third_Party/FreeRTOS/Source/list.o
 .debug_str     0x0012ced8    0x13cc8 ./Middlewares/Third_Party/FreeRTOS/Source/queue.o
 .debug_str     0x0012ced8    0x14b59 ./Middlewares/Third_Party/FreeRTOS/Source/tasks.o
 .debug_str     0x0012ced8    0x1411d ./Middlewares/Third_Party/FreeRTOS/Source/timers.o
 .debug_str     0x0012ced8    0x11221 ./Middlewares/Third_Party/FreeRTOS/Source/portable/GCC/ARM_CM33_NTZ/non_secure/port.o
 .debug_str     0x0012ced8     0xdcb5 ./Middlewares/Third_Party/FreeRTOS/Source/portable/GCC/ARM_CM33_NTZ/non_secure/portasm.o
 .debug_str     0x0012ced8    0x1255a ./Middlewares/Third_Party/FreeRTOS/Source/portable/MemMang/heap_1.o

.comment        0x00000000       0x43
 .comment       0x00000000       0x43 ./Core/Src/gpio.o
                                 0x44 (size before relaxing)
 .comment       0x00000043       0x44 ./Core/Src/icache.o
 .comment       0x00000043       0x44 ./Core/Src/main.o
 .comment       0x00000043       0x44 ./Core/Src/stm32h5xx_hal_msp.o
 .comment       0x00000043       0x44 ./Core/Src/stm32h5xx_hal_timebase_tim.o
 .comment       0x00000043       0x44 ./Core/Src/stm32h5xx_it.o
 .comment       0x00000043       0x44 ./Core/Src/system_stm32h5xx.o
 .comment       0x00000043       0x44 ./Drivers/BSP/STM32H5xx_Nucleo/stm32h5xx_nucleo.o
 .comment       0x00000043       0x44 ./Drivers/STM32H5xx_HAL_Driver/Src/stm32h5xx_hal.o
 .comment       0x00000043       0x44 ./Drivers/STM32H5xx_HAL_Driver/Src/stm32h5xx_hal_cortex.o
 .comment       0x00000043       0x44 ./Drivers/STM32H5xx_HAL_Driver/Src/stm32h5xx_hal_exti.o
 .comment       0x00000043       0x44 ./Drivers/STM32H5xx_HAL_Driver/Src/stm32h5xx_hal_gpio.o
 .comment       0x00000043       0x44 ./Drivers/STM32H5xx_HAL_Driver/Src/stm32h5xx_hal_icache.o
 .comment       0x00000043       0x44 ./Drivers/STM32H5xx_HAL_Driver/Src/stm32h5xx_hal_rcc.o
 .comment       0x00000043       0x44 ./Drivers/STM32H5xx_HAL_Driver/Src/stm32h5xx_hal_rcc_ex.o
 .comment       0x00000043       0x44 ./Drivers/STM32H5xx_HAL_Driver/Src/stm32h5xx_hal_tim.o
 .comment       0x00000043       0x44 ./Drivers/STM32H5xx_HAL_Driver/Src/stm32h5xx_hal_tim_ex.o
 .comment       0x00000043       0x44 ./Drivers/STM32H5xx_HAL_Driver/Src/stm32h5xx_hal_uart.o
 .comment       0x00000043       0x44 ./Middlewares/Third_Party/FreeRTOS/Source/CMSIS_RTOS_V2/cmsis_os2.o
 .comment       0x00000043       0x44 ./Middlewares/Third_Party/FreeRTOS/Source/list.o
 .comment       0x00000043       0x44 ./Middlewares/Third_Party/FreeRTOS/Source/queue.o
 .comment       0x00000043       0x44 ./Middlewares/Third_Party/FreeRTOS/Source/tasks.o
 .comment       0x00000043       0x44 ./Middlewares/Third_Party/FreeRTOS/Source/timers.o
 .comment       0x00000043       0x44 ./Middlewares/Third_Party/FreeRTOS/Source/portable/GCC/ARM_CM33_NTZ/non_secure/port.o
 .comment       0x00000043       0x44 ./Middlewares/Third_Party/FreeRTOS/Source/portable/GCC/ARM_CM33_NTZ/non_secure/portasm.o
 .comment       0x00000043       0x44 ./Middlewares/Third_Party/FreeRTOS/Source/portable/MemMang/heap_1.o

.debug_frame    0x00000000     0x68e4
 .debug_frame   0x00000000       0x34 ./Core/Src/gpio.o
 .debug_frame   0x00000034       0x2c ./Core/Src/icache.o
 .debug_frame   0x00000060      0x140 ./Core/Src/main.o
 .debug_frame   0x000001a0       0x2c ./Core/Src/stm32h5xx_hal_msp.o
 .debug_frame   0x000001cc       0x6c ./Core/Src/stm32h5xx_hal_timebase_tim.o
 .debug_frame   0x00000238       0xdc ./Core/Src/stm32h5xx_it.o
 .debug_frame   0x00000314       0x58 ./Core/Src/system_stm32h5xx.o
 .debug_frame   0x0000036c      0x308 ./Drivers/BSP/STM32H5xx_Nucleo/stm32h5xx_nucleo.o
 .debug_frame   0x00000674      0x728 ./Drivers/STM32H5xx_HAL_Driver/Src/stm32h5xx_hal.o
 .debug_frame   0x00000d9c      0x508 ./Drivers/STM32H5xx_HAL_Driver/Src/stm32h5xx_hal_cortex.o
 .debug_frame   0x000012a4      0x19c ./Drivers/STM32H5xx_HAL_Driver/Src/stm32h5xx_hal_exti.o
 .debug_frame   0x00001440      0x1c0 ./Drivers/STM32H5xx_HAL_Driver/Src/stm32h5xx_hal_gpio.o
 .debug_frame   0x00001600      0x260 ./Drivers/STM32H5xx_HAL_Driver/Src/stm32h5xx_hal_icache.o
 .debug_frame   0x00001860      0x248 ./Drivers/STM32H5xx_HAL_Driver/Src/stm32h5xx_hal_rcc.o
 .debug_frame   0x00001aa8      0x434 ./Drivers/STM32H5xx_HAL_Driver/Src/stm32h5xx_hal_rcc_ex.o
 .debug_frame   0x00001edc     0x1180 ./Drivers/STM32H5xx_HAL_Driver/Src/stm32h5xx_hal_tim.o
 .debug_frame   0x0000305c      0x9d4 ./Drivers/STM32H5xx_HAL_Driver/Src/stm32h5xx_hal_tim_ex.o
 .debug_frame   0x00003a30      0xa10 ./Drivers/STM32H5xx_HAL_Driver/Src/stm32h5xx_hal_uart.o
 .debug_frame   0x00004440      0xb40 ./Middlewares/Third_Party/FreeRTOS/Source/CMSIS_RTOS_V2/cmsis_os2.o
 .debug_frame   0x00004f80       0xc4 ./Middlewares/Third_Party/FreeRTOS/Source/list.o
 .debug_frame   0x00005044      0x62c ./Middlewares/Third_Party/FreeRTOS/Source/queue.o
 .debug_frame   0x00005670      0xa3c ./Middlewares/Third_Party/FreeRTOS/Source/tasks.o
 .debug_frame   0x000060ac      0x47c ./Middlewares/Third_Party/FreeRTOS/Source/timers.o
 .debug_frame   0x00006528      0x198 ./Middlewares/Third_Party/FreeRTOS/Source/portable/GCC/ARM_CM33_NTZ/non_secure/port.o
 .debug_frame   0x000066c0       0xa0 ./Middlewares/Third_Party/FreeRTOS/Source/portable/GCC/ARM_CM33_NTZ/non_secure/portasm.o
 .debug_frame   0x00006760       0xac ./Middlewares/Third_Party/FreeRTOS/Source/portable/MemMang/heap_1.o
 .debug_frame   0x0000680c       0x20 C:/ST/STM32CubeIDE_2.1.1/STM32CubeIDE/plugins/com.st.stm32cube.ide.mcu.externaltools.gnu-tools-for-stm32.14.3.rel1.win32_1.0.100.202602081740/tools/bin/../lib/gcc/arm-none-eabi/14.3.1/../../../../arm-none-eabi/lib/thumb/v8-m.main+fp/hard\libc_nano.a(libc_a-memset.o)
 .debug_frame   0x0000682c       0x2c C:/ST/STM32CubeIDE_2.1.1/STM32CubeIDE/plugins/com.st.stm32cube.ide.mcu.externaltools.gnu-tools-for-stm32.14.3.rel1.win32_1.0.100.202602081740/tools/bin/../lib/gcc/arm-none-eabi/14.3.1/../../../../arm-none-eabi/lib/thumb/v8-m.main+fp/hard\libc_nano.a(libc_a-init.o)
 .debug_frame   0x00006858       0x28 C:/ST/STM32CubeIDE_2.1.1/STM32CubeIDE/plugins/com.st.stm32cube.ide.mcu.externaltools.gnu-tools-for-stm32.14.3.rel1.win32_1.0.100.202602081740/tools/bin/../lib/gcc/arm-none-eabi/14.3.1/../../../../arm-none-eabi/lib/thumb/v8-m.main+fp/hard\libc_nano.a(libc_a-memcpy-stub.o)
 .debug_frame   0x00006880       0x2c C:/ST/STM32CubeIDE_2.1.1/STM32CubeIDE/plugins/com.st.stm32cube.ide.mcu.externaltools.gnu-tools-for-stm32.14.3.rel1.win32_1.0.100.202602081740/tools/bin/../lib/gcc/arm-none-eabi/14.3.1/thumb/v8-m.main+fp/hard\libgcc.a(_aeabi_uldivmod.o)
 .debug_frame   0x000068ac       0x38 C:/ST/STM32CubeIDE_2.1.1/STM32CubeIDE/plugins/com.st.stm32cube.ide.mcu.externaltools.gnu-tools-for-stm32.14.3.rel1.win32_1.0.100.202602081740/tools/bin/../lib/gcc/arm-none-eabi/14.3.1/thumb/v8-m.main+fp/hard\libgcc.a(_udivmoddi4.o)

.debug_line_str
                0x00000000       0x6b
 .debug_line_str
                0x00000000       0x6b ./Core/Startup/startup_stm32h533retx.o
